Archive member included to satisfy reference by file (symbol)

C:/ST/STM32CubeIDE_1.13.1/STM32CubeIDE/plugins/com.st.stm32cube.ide.mcu.externaltools.gnu-tools-for-stm32.11.3.rel1.win32_1.1.0.202305231506/tools/bin/../lib/gcc/arm-none-eabi/11.3.1/../../../../arm-none-eabi/lib/thumb/v7-m/nofp\libc_nano.a(libc_a-exit.o)
                              C:/ST/STM32CubeIDE_1.13.1/STM32CubeIDE/plugins/com.st.stm32cube.ide.mcu.externaltools.gnu-tools-for-stm32.11.3.rel1.win32_1.1.0.202305231506/tools/bin/../lib/gcc/arm-none-eabi/11.3.1/../../../../arm-none-eabi/lib/thumb/v7-m/nofp/crt0.o (exit)
C:/ST/STM32CubeIDE_1.13.1/STM32CubeIDE/plugins/com.st.stm32cube.ide.mcu.externaltools.gnu-tools-for-stm32.11.3.rel1.win32_1.1.0.202305231506/tools/bin/../lib/gcc/arm-none-eabi/11.3.1/../../../../arm-none-eabi/lib/thumb/v7-m/nofp\libc_nano.a(libc_a-findfp.o)
                              C:/ST/STM32CubeIDE_1.13.1/STM32CubeIDE/plugins/com.st.stm32cube.ide.mcu.externaltools.gnu-tools-for-stm32.11.3.rel1.win32_1.1.0.202305231506/tools/bin/../lib/gcc/arm-none-eabi/11.3.1/../../../../arm-none-eabi/lib/thumb/v7-m/nofp\libc_nano.a(libc_a-exit.o) (__stdio_exit_handler)
C:/ST/STM32CubeIDE_1.13.1/STM32CubeIDE/plugins/com.st.stm32cube.ide.mcu.externaltools.gnu-tools-for-stm32.11.3.rel1.win32_1.1.0.202305231506/tools/bin/../lib/gcc/arm-none-eabi/11.3.1/../../../../arm-none-eabi/lib/thumb/v7-m/nofp\libc_nano.a(libc_a-fwalk.o)
                              C:/ST/STM32CubeIDE_1.13.1/STM32CubeIDE/plugins/com.st.stm32cube.ide.mcu.externaltools.gnu-tools-for-stm32.11.3.rel1.win32_1.1.0.202305231506/tools/bin/../lib/gcc/arm-none-eabi/11.3.1/../../../../arm-none-eabi/lib/thumb/v7-m/nofp\libc_nano.a(libc_a-findfp.o) (_fwalk_sglue)
C:/ST/STM32CubeIDE_1.13.1/STM32CubeIDE/plugins/com.st.stm32cube.ide.mcu.externaltools.gnu-tools-for-stm32.11.3.rel1.win32_1.1.0.202305231506/tools/bin/../lib/gcc/arm-none-eabi/11.3.1/../../../../arm-none-eabi/lib/thumb/v7-m/nofp\libc_nano.a(libc_a-stdio.o)
                              C:/ST/STM32CubeIDE_1.13.1/STM32CubeIDE/plugins/com.st.stm32cube.ide.mcu.externaltools.gnu-tools-for-stm32.11.3.rel1.win32_1.1.0.202305231506/tools/bin/../lib/gcc/arm-none-eabi/11.3.1/../../../../arm-none-eabi/lib/thumb/v7-m/nofp\libc_nano.a(libc_a-findfp.o) (__sread)
C:/ST/STM32CubeIDE_1.13.1/STM32CubeIDE/plugins/com.st.stm32cube.ide.mcu.externaltools.gnu-tools-for-stm32.11.3.rel1.win32_1.1.0.202305231506/tools/bin/../lib/gcc/arm-none-eabi/11.3.1/../../../../arm-none-eabi/lib/thumb/v7-m/nofp\libc_nano.a(libc_a-memset.o)
                              C:/ST/STM32CubeIDE_1.13.1/STM32CubeIDE/plugins/com.st.stm32cube.ide.mcu.externaltools.gnu-tools-for-stm32.11.3.rel1.win32_1.1.0.202305231506/tools/bin/../lib/gcc/arm-none-eabi/11.3.1/../../../../arm-none-eabi/lib/thumb/v7-m/nofp/crt0.o (memset)
C:/ST/STM32CubeIDE_1.13.1/STM32CubeIDE/plugins/com.st.stm32cube.ide.mcu.externaltools.gnu-tools-for-stm32.11.3.rel1.win32_1.1.0.202305231506/tools/bin/../lib/gcc/arm-none-eabi/11.3.1/../../../../arm-none-eabi/lib/thumb/v7-m/nofp\libc_nano.a(libc_a-closer.o)
                              C:/ST/STM32CubeIDE_1.13.1/STM32CubeIDE/plugins/com.st.stm32cube.ide.mcu.externaltools.gnu-tools-for-stm32.11.3.rel1.win32_1.1.0.202305231506/tools/bin/../lib/gcc/arm-none-eabi/11.3.1/../../../../arm-none-eabi/lib/thumb/v7-m/nofp\libc_nano.a(libc_a-stdio.o) (_close_r)
C:/ST/STM32CubeIDE_1.13.1/STM32CubeIDE/plugins/com.st.stm32cube.ide.mcu.externaltools.gnu-tools-for-stm32.11.3.rel1.win32_1.1.0.202305231506/tools/bin/../lib/gcc/arm-none-eabi/11.3.1/../../../../arm-none-eabi/lib/thumb/v7-m/nofp\libc_nano.a(libc_a-reent.o)
                              C:/ST/STM32CubeIDE_1.13.1/STM32CubeIDE/plugins/com.st.stm32cube.ide.mcu.externaltools.gnu-tools-for-stm32.11.3.rel1.win32_1.1.0.202305231506/tools/bin/../lib/gcc/arm-none-eabi/11.3.1/../../../../arm-none-eabi/lib/thumb/v7-m/nofp\libc_nano.a(libc_a-closer.o) (errno)
C:/ST/STM32CubeIDE_1.13.1/STM32CubeIDE/plugins/com.st.stm32cube.ide.mcu.externaltools.gnu-tools-for-stm32.11.3.rel1.win32_1.1.0.202305231506/tools/bin/../lib/gcc/arm-none-eabi/11.3.1/../../../../arm-none-eabi/lib/thumb/v7-m/nofp\libc_nano.a(libc_a-impure.o)
                              C:/ST/STM32CubeIDE_1.13.1/STM32CubeIDE/plugins/com.st.stm32cube.ide.mcu.externaltools.gnu-tools-for-stm32.11.3.rel1.win32_1.1.0.202305231506/tools/bin/../lib/gcc/arm-none-eabi/11.3.1/../../../../arm-none-eabi/lib/thumb/v7-m/nofp\libc_nano.a(libc_a-reent.o) (_impure_ptr)
C:/ST/STM32CubeIDE_1.13.1/STM32CubeIDE/plugins/com.st.stm32cube.ide.mcu.externaltools.gnu-tools-for-stm32.11.3.rel1.win32_1.1.0.202305231506/tools/bin/../lib/gcc/arm-none-eabi/11.3.1/../../../../arm-none-eabi/lib/thumb/v7-m/nofp\libc_nano.a(libc_a-lseekr.o)
[...]
Memory Configuration

Name             Origin             Length             Attributes
RAM              0x0000000020000000 0x0000000000002800 xrw
FLASH            0x0000000008000000 0x0000000000008000 xr
*default*        0x0000000000000000 0xffffffffffffffff

Linker script and memory map

LOAD C:/ST/STM32CubeIDE_1.13.1/STM32CubeIDE/plugins/com.st.stm32cube.ide.mcu.externaltools.gnu-tools-for-stm32.11.3.rel1.win32_1.1.0.202305231506/tools/bin/../lib/gcc/arm-none-eabi/11.3.1/thumb/v7-m/nofp/crti.o
LOAD C:/ST/STM32CubeIDE_1.13.1/STM32CubeIDE/plugins/com.st.stm32cube.ide.mcu.externaltools.gnu-tools-for-stm32.11.3.rel1.win32_1.1.0.202305231506/tools/bin/../lib/gcc/arm-none-eabi/11.3.1/thumb/v7-m/nofp/crtbegin.o
LOAD C:/ST/STM32CubeIDE_1.13.1/STM32CubeIDE/plugins/com.st.stm32cube.ide.mcu.externaltools.gnu-tools-for-stm32.11.3.rel1.win32_1.1.0.202305231506/tools/bin/../lib/gcc/arm-none-eabi/11.3.1/../../../../arm-none-eabi/lib/thumb/v7-m/nofp/crt0.o
LOAD ./STM32F103x6/AFIO_Program.o
LOAD ./STM32F103x6/CLCD_prog.o
LOAD ./STM32F103x6/EXTI_Program.o
LOAD ./STM32F103x6/GPIO_Program.o
LOAD ./STM32F103x6/KPD_prog.o
LOAD ./STM32F103x6/NVIC_Program.o
LOAD ./STM32F103x6/RCC_Program.o
LOAD ./STM32F103x6/SPI_Program.o
LOAD ./STM32F103x6/STK_program.o
LOAD ./STM32F103x6/USART_Program.o
LOAD ./Src/main.o
LOAD ./Src/syscalls.o
LOAD ./Src/sysmem.o
LOAD ./Startup/startup_stm32f103c6tx.o
START GROUP
LOAD C:/ST/STM32CubeIDE_1.13.1/STM32CubeIDE/plugins/com.st.stm32cube.ide.mcu.externaltools.gnu-tools-for-stm32.11.3.rel1.win32_1.1.0.202305231506/tools/bin/../lib/gcc/arm-none-eabi/11.3.1/../../../../arm-none-eabi/lib/thumb/v7-m/nofp\libc_nano.a
LOAD C:/ST/STM32CubeIDE_1.13.1/STM32CubeIDE/plugins/com.st.stm32cube.ide.mcu.externaltools.gnu-tools-for-stm32.11.3.rel1.win32_1.1.0.202305231506/tools/bin/../lib/gcc/arm-none-eabi/11.3.1/../../../../arm-none-eabi/lib/thumb/v7-m/nofp\libm.a
END GROUP
START GROUP
LOAD C:/ST/STM32CubeIDE_1.13.1/STM32CubeIDE/plugins/com.st.stm32cube.ide.mcu.externaltools.gnu-tools-for-stm32.11.3.rel1.win32_1.1.0.202305231506/tools/bin/../lib/gcc/arm-none-eabi/11.3.1/thumb/v7-m/nofp\libgcc.a
LOAD C:/ST/STM32CubeIDE_1.13.1/STM32CubeIDE/plugins/com.st.stm32cube.ide.mcu.externaltools.gnu-tools-for-stm32.11.3.rel1.win32_1.1.0.202305231506/tools/bin/../lib/gcc/arm-none-eabi/11.3.1/../../../../arm-none-eabi/lib/thumb/v7-m/nofp\libg_nano.a
LOAD C:/ST/STM32CubeIDE_1.13.1/STM32CubeIDE/plugins/com.st.stm32cube.ide.mcu.externaltools.gnu-tools-for-stm32.11.3.rel1.win32_1.1.0.202305231506/tools/bin/../lib/gcc/arm-none-eabi/11.3.1/../../../../arm-none-eabi/lib/thumb/v7-m/nofp\libc_nano.a
END GROUP
START GROUP
LOAD C:/ST/STM32CubeIDE_1.13.1/STM32CubeIDE/plugins/com.st.stm32cube.ide.mcu.externaltools.gnu-tools-for-stm32.11.3.rel1.win32_1.1.0.202305231506/tools/bin/../lib/gcc/arm-none-eabi/11.3.1/thumb/v7-m/nofp\libgcc.a
LOAD C:/ST/STM32CubeIDE_1.13.1/STM32CubeIDE/plugins/com.st.stm32cube.ide.mcu.externaltools.gnu-tools-for-stm32.11.3.rel1.win32_1.1.0.202305231506/tools/bin/../lib/gcc/arm-none-eabi/11.3.1/../../../../arm-none-eabi/lib/thumb/v7-m/nofp\libc_nano.a
LOAD C:/ST/STM32CubeIDE_1.13.1/STM32CubeIDE/plugins/com.st.stm32cube.ide.mcu.externaltools.gnu-tools-for-stm32.11.3.rel1.win32_1.1.0.202305231506/tools/bin/../lib/gcc/arm-none-eabi/11.3.1/../../../../arm-none-eabi/lib/thumb/v7-m/nofp\libnosys.a
END GROUP
START GROUP
LOAD C:/ST/STM32CubeIDE_1.13.1/STM32CubeIDE/plugins/com.st.stm32cube.ide.mcu.externaltools.gnu-tools-for-stm32.11.3.rel1.win32_1.1.0.202305231506/tools/bin/../lib/gcc/arm-none-eabi/11.3.1/thumb/v7-m/nofp\libgcc.a
LOAD C:/ST/STM32CubeIDE_1.13.1/STM32CubeIDE/plugins/com.st.stm32cube.ide.mcu.externaltools.gnu-tools-for-stm32.11.3.rel1.win32_1.1.0.202305231506/tools/bin/../lib/gcc/arm-none-eabi/11.3.1/../../../../arm-none-eabi/lib/thumb/v7-m/nofp\libc_nano.a
LOAD C:/ST/STM32CubeIDE_1.13.1/STM32CubeIDE/plugins/com.st.stm32cube.ide.mcu.externaltools.gnu-tools-for-stm32.11.3.rel1.win32_1.1.0.202305231506/tools/bin/../lib/gcc/arm-none-eabi/11.3.1/../../../../arm-none-eabi/lib/thumb/v7-m/nofp\libnosys.a
END GROUP
LOAD C:/ST/STM32CubeIDE_1.13.1/STM32CubeIDE/plugins/com.st.stm32cube.ide.mcu.externaltools.gnu-tools-for-stm32.11.3.rel1.win32_1.1.0.202305231506/tools/bin/../lib/gcc/arm-none-eabi/11.3.1/thumb/v7-m/nofp/crtend.o
LOAD C:/ST/STM32CubeIDE_1.13.1/STM32CubeIDE/plugins/com.st.stm32cube.ide.mcu.externaltools.gnu-tools-for-stm32.11.3.rel1.win32_1.1.0.202305231506/tools/bin/../lib/gcc/arm-none-eabi/11.3.1/thumb/v7-m/nofp/crtn.o
                0x0000000020002800                _estack = (ORIGIN (RAM) + LENGTH (RAM))
                0x0000000000000200                _Min_Heap_Size = 0x200
                0x0000000000000400                _Min_Stack_Size = 0x400

.isr_vector     0x0000000008000000      0x130
                0x0000000008000000                . = ALIGN (0x4)
 *(.isr_vector)
 .isr_vector    0x0000000008000000      0x130 ./Startup/startup_stm32f103c6tx.o
                0x0000000008000000                g_pfnVectors
                0x0000000008000130                . = ALIGN (0x4)

.text           0x0000000008000130     0x11e0
                0x0000000008000130                . = ALIGN (0x4)
 *(.text)
 .text          0x0000000008000130       0x40 C:/ST/STM32CubeIDE_1.13.1/STM32CubeIDE/plugins/com.st.stm32cube.ide.mcu.externaltools.gnu-tools-for-stm32.11.3.rel1.win32_1.1.0.202305231506/tools/bin/../lib/gcc/arm-none-eabi/11.3.1/thumb/v7-m/nofp/crtbegin.o
 *(.text*)
 .text.EXTI0_IRQHandler
                0x0000000008000170       0x24 ./STM32F103x6/EXTI_Program.o
                0x0000000008000170                EXTI0_IRQHandler
 .text.EXTI1_IRQHandler
                0x0000000008000194       0x24 ./STM32F103x6/EXTI_Program.o
                0x0000000008000194                EXTI1_IRQHandler
 .text.EXTI2_IRQHandler
                0x00000000080001b8       0x24 ./STM32F103x6/EXTI_Program.o
                0x00000000080001b8                EXTI2_IRQHandler
 .text.EXTI3_IRQHandler
                0x00000000080001dc       0x24 ./STM32F103x6/EXTI_Program.o
                0x00000000080001dc                EXTI3_IRQHandler
 .text.EXTI9_5_IRQHandler
                0x0000000008000200       0xb0 ./STM32F103x6/EXTI_Program.o
                0x0000000008000200                EXTI9_5_IRQHandler
 .text.EXTI15_10_IRQHandler
                0x00000000080002b0       0xd0 ./STM32F103x6/EXTI_Program.o
                0x00000000080002b0                EXTI15_10_IRQHandler
 .text.GET_CRLH_Position
                0x0000000008000380      0x1b4 ./STM32F103x6/GPIO_Program.o
 .text.GPIO_u8PinInit
                0x0000000008000534      0x164 ./STM32F103x6/GPIO_Program.o
                0x0000000008000534                GPIO_u8PinInit
 .text.GPIO_USARTSetPins
                0x0000000008000698      0x140 ./STM32F103x6/GPIO_Program.o
                0x0000000008000698                GPIO_USARTSetPins
 .text.GPIO_SPISetPins
                0x00000000080007d8      0x34e ./STM32F103x6/GPIO_Program.o
                0x00000000080007d8                GPIO_SPISetPins
 *fill*         0x0000000008000b26        0x2 
 .text.NVICEnable
                0x0000000008000b28       0x48 ./STM32F103x6/NVIC_Program.o
                0x0000000008000b28                NVICEnable
 .text.NVIC_SetPendingFlag
                0x0000000008000b70       0x4c ./STM32F103x6/NVIC_Program.o
                0x0000000008000b70                NVIC_SetPendingFlag
 .text.RCC_GetSYSCLCK
                0x0000000008000bbc       0x44 ./STM32F103x6/RCC_Program.o
                0x0000000008000bbc                RCC_GetSYSCLCK
 .text.RCC_GetHCLCK
                0x0000000008000c00       0x28 ./STM32F103x6/RCC_Program.o
                0x0000000008000c00                RCC_GetHCLCK
 .text.RCC_GetPCLCK1
                0x0000000008000c28       0x28 ./STM32F103x6/RCC_Program.o
                0x0000000008000c28                RCC_GetPCLCK1
 .text.RCC_GetPCLCK2
                0x0000000008000c50       0x28 ./STM32F103x6/RCC_Program.o
                0x0000000008000c50                RCC_GetPCLCK2
 .text.SPI_Init
                0x0000000008000c78      0x124 ./STM32F103x6/SPI_Program.o
                0x0000000008000c78                SPI_Init
 .text.SPI_U16TXRX
                0x0000000008000d9c       0x5a ./STM32F103x6/SPI_Program.o
                0x0000000008000d9c                SPI_U16TXRX
 *fill*         0x0000000008000df6        0x2 
 .text.SPI1_IRQHandler
                0x0000000008000df8       0x5c ./STM32F103x6/SPI_Program.o
                0x0000000008000df8                SPI1_IRQHandler
 .text.SPI2_IRQHandler
                0x0000000008000e54       0x5c ./STM32F103x6/SPI_Program.o
                0x0000000008000e54                SPI2_IRQHandler
 .text.USART_Init
                0x0000000008000eb0      0x228 ./STM32F103x6/USART_Program.o
                0x0000000008000eb0                USART_Init
 .text.USART_U16SendData
                0x00000000080010d8       0x64 ./STM32F103x6/USART_Program.o
                0x00000000080010d8                USART_U16SendData
 .text.main     0x000000000800113c       0x84 ./Src/main.o
                0x000000000800113c                main
 .text.CLCK_Init
                0x00000000080011c0       0x4c ./Src/main.o
                0x00000000080011c0                CLCK_Init
 .text.USART1_IRQHandler
                0x000000000800120c        0xc ./Src/main.o
                0x000000000800120c                USART1_IRQHandler
 .text.Ahmed_SPI1_Handler
                0x0000000008001218       0x44 ./Src/main.o
                0x0000000008001218                Ahmed_SPI1_Handler
 .text.Reset_Handler
                0x000000000800125c       0x50 ./Startup/startup_stm32f103c6tx.o
                0x000000000800125c                Reset_Handler
 .text.Default_Handler
                0x00000000080012ac        0x2 ./Startup/startup_stm32f103c6tx.o
                0x00000000080012ac                TIM8_TRG_COM_IRQHandler
                0x00000000080012ac                TIM8_CC_IRQHandler
                0x00000000080012ac                DebugMon_Handler
                0x00000000080012ac                TIM1_CC_IRQHandler
                0x00000000080012ac                HardFault_Handler
                0x00000000080012ac                TIM6_IRQHandler
                0x00000000080012ac                SysTick_Handler
                0x00000000080012ac                PVD_IRQHandler
                0x00000000080012ac                SDIO_IRQHandler
                0x00000000080012ac                PendSV_Handler
                0x00000000080012ac                NMI_Handler
                0x00000000080012ac                USB_HP_CAN_TX_IRQHandler
                0x00000000080012ac                I2C2_EV_IRQHandler
                0x00000000080012ac                UsageFault_Handler
                0x00000000080012ac                ADC1_2_IRQHandler
                0x00000000080012ac                CAN_SCE_IRQHandler
                0x00000000080012ac                TAMPER_IRQHandler
                0x00000000080012ac                TIM8_UP_IRQHandler
                0x00000000080012ac                DMA2_Channel2_IRQHandler
                0x00000000080012ac                DMA1_Channel4_IRQHandler
                0x00000000080012ac                USART3_IRQHandler
                0x00000000080012ac                RTC_IRQHandler
                0x00000000080012ac                DMA1_Channel7_IRQHandler
                0x00000000080012ac                UART5_IRQHandler
                0x00000000080012ac                ADC3_IRQHandler
                0x00000000080012ac                TIM4_IRQHandler
                0x00000000080012ac                CAN_RX1_IRQHandler
                0x00000000080012ac                DMA2_Channel1_IRQHandler
                0x00000000080012ac                I2C1_EV_IRQHandler
                0x00000000080012ac                DMA1_Channel6_IRQHandler
                0x00000000080012ac                UART4_IRQHandler
                0x00000000080012ac                TIM3_IRQHandler
                0x00000000080012ac                RCC_IRQHandler
                0x00000000080012ac                TIM1_TRG_COM_IRQHandler
                0x00000000080012ac                DMA1_Channel1_IRQHandler
                0x00000000080012ac                Default_Handler
                0x00000000080012ac                TIM7_IRQHandler
                0x00000000080012ac                TIM5_IRQHandler
                0x00000000080012ac                USB_LP_CAN_RX0_IRQHandler
                0x00000000080012ac                MemManage_Handler
                0x00000000080012ac                SVC_Handler
                0x00000000080012ac                DMA1_Channel5_IRQHandler
                0x00000000080012ac                EXTI4_IRQHandler
                0x00000000080012ac                DMA1_Channel3_IRQHandler
                0x00000000080012ac                FSMC_IRQHandler
                0x00000000080012ac                TIM1_UP_IRQHandler
                0x00000000080012ac                WWDG_IRQHandler
                0x00000000080012ac                TIM2_IRQHandler
                0x00000000080012ac                TIM1_BRK_IRQHandler
                0x00000000080012ac                RTCAlarm_IRQHandler
                0x00000000080012ac                DMA2_Channel4_5_IRQHandler
                0x00000000080012ac                USART2_IRQHandler
                0x00000000080012ac                I2C2_ER_IRQHandler
                0x00000000080012ac                DMA1_Channel2_IRQHandler
                0x00000000080012ac                TIM8_BRK_IRQHandler
                0x00000000080012ac                FLASH_IRQHandler
                0x00000000080012ac                BusFault_Handler
                0x00000000080012ac                SPI3_IRQHandler
                0x00000000080012ac                I2C1_ER_IRQHandler
                0x00000000080012ac                DMA2_Channel3_IRQHandler
 *fill*         0x00000000080012ae        0x2 
 .text.__libc_init_array
                0x00000000080012b0       0x48 C:/ST/STM32CubeIDE_1.13.1/STM32CubeIDE/plugins/com.st.stm32cube.ide.mcu.externaltools.gnu-tools-for-stm32.11.3.rel1.win32_1.1.0.202305231506/tools/bin/../lib/gcc/arm-none-eabi/11.3.1/../../../../arm-none-eabi/lib/thumb/v7-m/nofp\libc_nano.a(libc_a-init.o)
                0x00000000080012b0                __libc_init_array
 *(.glue_7)
 .glue_7        0x00000000080012f8        0x0 linker stubs
 *(.glue_7t)
 .glue_7t       0x00000000080012f8        0x0 linker stubs
 *(.eh_frame)
 .eh_frame      0x00000000080012f8        0x0 C:/ST/STM32CubeIDE_1.13.1/STM32CubeIDE/plugins/com.st.stm32cube.ide.mcu.externaltools.gnu-tools-for-stm32.11.3.rel1.win32_1.1.0.202305231506/tools/bin/../lib/gcc/arm-none-eabi/11.3.1/thumb/v7-m/nofp/crtbegin.o
 *(.init)
 .init          0x00000000080012f8        0x4 C:/ST/STM32CubeIDE_1.13.1/STM32CubeIDE/plugins/com.st.stm32cube.ide.mcu.externaltools.gnu-tools-for-stm32.11.3.rel1.win32_1.1.0.202305231506/tools/bin/../lib/gcc/arm-none-eabi/11.3.1/thumb/v7-m/nofp/crti.o
                0x00000000080012f8                _init
 .init          0x00000000080012fc        0x8 C:/ST/STM32CubeIDE_1.13.1/STM32CubeIDE/plugins/com.st.stm32cube.ide.mcu.externaltools.gnu-tools-for-stm32.11.3.rel1.win32_1.1.0.202305231506/tools/bin/../lib/gcc/arm-none-eabi/11.3.1/thumb/v7-m/nofp/crtn.o
 *(.fini)
 .fini          0x0000000008001304        0x4 C:/ST/STM32CubeIDE_1.13.1/STM32CubeIDE/plugins/com.st.stm32cube.ide.mcu.externaltools.gnu-tools-for-stm32.11.3.rel1.win32_1.1.0.202305231506/tools/bin/../lib/gcc/arm-none-eabi/11.3.1/thumb/v7-m/nofp/crti.o
                0x0000000008001304                _fini
 .fini          0x0000000008001308        0x8 C:/ST/STM32CubeIDE_1.13.1/STM32CubeIDE/plugins/com.st.stm32cube.ide.mcu.externaltools.gnu-tools-for-stm32.11.3.rel1.win32_1.1.0.202305231506/tools/bin/../lib/gcc/arm-none-eabi/11.3.1/thumb/v7-m/nofp/crtn.o
                0x0000000008001310                . = ALIGN (0x4)
                0x0000000008001310                _etext = .

.vfp11_veneer   0x0000000008001310        0x0
 .vfp11_veneer  0x0000000008001310        0x0 linker stubs

.v4_bx          0x0000000008001310        0x0
 .v4_bx         0x0000000008001310        0x0 linker stubs

.iplt           0x0000000008001310        0x0
 .iplt          0x0000000008001310        0x0 C:/ST/STM32CubeIDE_1.13.1/STM32CubeIDE/plugins/com.st.stm32cube.ide.mcu.externaltools.gnu-tools-for-stm32.11.3.rel1.win32_1.1.0.202305231506/tools/bin/../lib/gcc/arm-none-eabi/11.3.1/thumb/v7-m/nofp/crtbegin.o

.rodata         0x0000000008001310       0x2c
                0x0000000008001310                . = ALIGN (0x4)
 *(.rodata)
 .rodata        0x0000000008001310       0x14 ./Src/main.o
 *(.rodata*)
 .rodata.APBPrescTable
                0x0000000008001324        0x8 ./STM32F103x6/RCC_Program.o
                0x0000000008001324                APBPrescTable
 .rodata.AHBPrescTable
                0x000000000800132c       0x10 ./STM32F103x6/RCC_Program.o
                0x000000000800132c                AHBPrescTable
                0x000000000800133c                . = ALIGN (0x4)

.rel.dyn        0x000000000800133c        0x0
 .rel.iplt      0x000000000800133c        0x0 C:/ST/STM32CubeIDE_1.13.1/STM32CubeIDE/plugins/com.st.stm32cube.ide.mcu.externaltools.gnu-tools-for-stm32.11.3.rel1.win32_1.1.0.202305231506/tools/bin/../lib/gcc/arm-none-eabi/11.3.1/thumb/v7-m/nofp/crtbegin.o

.ARM.extab      0x000000000800133c        0x0
                0x000000000800133c                . = ALIGN (0x4)
 *(.ARM.extab* .gnu.linkonce.armextab.*)
                0x000000000800133c                . = ALIGN (0x4)

.ARM            0x000000000800133c        0x0
                0x000000000800133c                . = ALIGN (0x4)
                0x000000000800133c                __exidx_start = .
 *(.ARM.exidx*)
                0x000000000800133c                __exidx_end = .
                0x000000000800133c                . = ALIGN (0x4)

.preinit_array  0x000000000800133c        0x0
                0x000000000800133c                . = ALIGN (0x4)
                0x000000000800133c                PROVIDE (__preinit_array_start = .)
 *(.preinit_array*)
                0x000000000800133c                PROVIDE (__preinit_array_end = .)
                0x000000000800133c                . = ALIGN (0x4)

.init_array     0x000000000800133c        0x4
                0x000000000800133c                . = ALIGN (0x4)
                0x000000000800133c                PROVIDE (__init_array_start = .)
 *(SORT_BY_NAME(.init_array.*))
 *(.init_array*)
 .init_array    0x000000000800133c        0x4 C:/ST/STM32CubeIDE_1.13.1/STM32CubeIDE/plugins/com.st.stm32cube.ide.mcu.externaltools.gnu-tools-for-stm32.11.3.rel1.win32_1.1.0.202305231506/tools/bin/../lib/gcc/arm-none-eabi/11.3.1/thumb/v7-m/nofp/crtbegin.o
                0x0000000008001340                PROVIDE (__init_array_end = .)
                0x0000000008001340                . = ALIGN (0x4)

.fini_array     0x0000000008001340        0x4
                0x0000000008001340                . = ALIGN (0x4)
                [!provide]                        PROVIDE (__fini_array_start = .)
 *(SORT_BY_NAME(.fini_array.*))
 *(.fini_array*)
 .fini_array    0x0000000008001340        0x4 C:/ST/STM32CubeIDE_1.13.1/STM32CubeIDE/plugins/com.st.stm32cube.ide.mcu.externaltools.gnu-tools-for-stm32.11.3.rel1.win32_1.1.0.202305231506/tools/bin/../lib/gcc/arm-none-eabi/11.3.1/thumb/v7-m/nofp/crtbegin.o
                [!provide]                        PROVIDE (__fini_array_end = .)
                0x0000000008001344                . = ALIGN (0x4)
                0x0000000008001344                _sidata = LOADADDR (.data)

.data           0x0000000020000000       0x30 load address 0x0000000008001344
                0x0000000020000000                . = ALIGN (0x4)
                0x0000000020000000                _sdata = .
 *(.data)
 *(.data*)
 .data.GPIOPORT
                0x0000000020000000       0x1c ./STM32F103x6/GPIO_Program.o
 .data.SPI_PeripheralArray
                0x000000002000001c        0x8 ./STM32F103x6/SPI_Program.o
 .data.USART    0x0000000020000024        0xc ./STM32F103x6/USART_Program.o
 *(.RamFunc)
 *(.RamFunc*)
                0x0000000020000030                . = ALIGN (0x4)
                0x0000000020000030                _edata = .

.igot.plt       0x0000000020000030        0x0 load address 0x0000000008001374
 .igot.plt      0x0000000020000030        0x0 C:/ST/STM32CubeIDE_1.13.1/STM32CubeIDE/plugins/com.st.stm32cube.ide.mcu.externaltools.gnu-tools-for-stm32.11.3.rel1.win32_1.1.0.202305231506/tools/bin/../lib/gcc/arm-none-eabi/11.3.1/thumb/v7-m/nofp/crtbegin.o
                0x0000000020000030                . = ALIGN (0x4)

.bss            0x0000000020000030       0x6c load address 0x0000000008001374
                0x0000000020000030                _sbss = .
                0x0000000020000030                __bss_start__ = _sbss
 *(.bss)
 .bss           0x0000000020000030       0x1c C:/ST/STM32CubeIDE_1.13.1/STM32CubeIDE/plugins/com.st.stm32cube.ide.mcu.externaltools.gnu-tools-for-stm32.11.3.rel1.win32_1.1.0.202305231506/tools/bin/../lib/gcc/arm-none-eabi/11.3.1/thumb/v7-m/nofp/crtbegin.o
 *(.bss*)
 .bss.EXTI_pvCallBackFunc
                0x000000002000004c       0x40 ./STM32F103x6/EXTI_Program.o
 .bss.Global_SPI_Config
                0x000000002000008c        0x8 ./STM32F103x6/SPI_Program.o
                0x000000002000008c                Global_SPI_Config
 .bss.Global_USART_CONFIG
                0x0000000020000094        0x4 ./STM32F103x6/USART_Program.o
                0x0000000020000094                Global_USART_CONFIG
 .bss.CH        0x0000000020000098        0x1 ./Src/main.o
                0x0000000020000098                CH
 *(COMMON)
                0x000000002000009c                . = ALIGN (0x4)
 *fill*         0x0000000020000099        0x3 
                0x000000002000009c                _ebss = .
                0x000000002000009c                __bss_end__ = _ebss

._user_heap_stack
                0x000000002000009c      0x604 load address 0x0000000008001374
                0x00000000200000a0                . = ALIGN (0x8)
 *fill*         0x000000002000009c        0x4 
                [!provide]                        PROVIDE (end = .)
                0x00000000200000a0                PROVIDE (_end = .)
                0x00000000200002a0                . = (. + _Min_Heap_Size)
 *fill*         0x00000000200000a0      0x200 
                0x00000000200006a0                . = (. + _Min_Stack_Size)
 *fill*         0x00000000200002a0      0x400 
                0x00000000200006a0                . = ALIGN (0x8)

/DISCARD/
 libc.a(*)
 libm.a(*)
 libgcc.a(*)

.ARM.attributes
                0x0000000000000000       0x29
 *(.ARM.attributes)
 .ARM.attributes
                0x0000000000000000       0x1d C:/ST/STM32CubeIDE_1.13.1/STM32CubeIDE/plugins/com.st.stm32cube.ide.mcu.externaltools.gnu-tools-for-stm32.11.3.rel1.win32_1.1.0.202305231506/tools/bin/../lib/gcc/arm-none-eabi/11.3.1/thumb/v7-m/nofp/crti.o
 .ARM.attributes
                0x000000000000001d       0x2d C:/ST/STM32CubeIDE_1.13.1/STM32CubeIDE/plugins/com.st.stm32cube.ide.mcu.externaltools.gnu-tools-for-stm32.11.3.rel1.win32_1.1.0.202305231506/tools/bin/../lib/gcc/arm-none-eabi/11.3.1/thumb/v7-m/nofp/crtbegin.o
 .ARM.attributes
                0x000000000000004a       0x2d ./STM32F103x6/EXTI_Program.o
 .ARM.attributes
                0x0000000000000077       0x2d ./STM32F103x6/GPIO_Program.o
 .ARM.attributes
                0x00000000000000a4       0x2d ./STM32F103x6/NVIC_Program.o
 .ARM.attributes
                0x00000000000000d1       0x2d ./STM32F103x6/RCC_Program.o
 .ARM.attributes
                0x00000000000000fe       0x2d ./STM32F103x6/SPI_Program.o
 .ARM.attributes
                0x000000000000012b       0x2d ./STM32F103x6/USART_Program.o
 .ARM.attributes
                0x0000000000000158       0x2d ./Src/main.o
 .ARM.attributes
                0x0000000000000185       0x21 ./Startup/startup_stm32f103c6tx.o
 .ARM.attributes
                0x00000000000001a6       0x2d C:/ST/STM32CubeIDE_1.13.1/STM32CubeIDE/plugins/com.st.stm32cube.ide.mcu.externaltools.gnu-tools-for-stm32.11.3.rel1.win32_1.1.0.202305231506/tools/bin/../lib/gcc/arm-none-eabi/11.3.1/../../../../arm-none-eabi/lib/thumb/v7-m/nofp\libc_nano.a(libc_a-init.o)
 .ARM.attributes
                0x00000000000001d3       0x1d C:/ST/STM32CubeIDE_1.13.1/STM32CubeIDE/plugins/com.st.stm32cube.ide.mcu.externaltools.gnu-tools-for-stm32.11.3.rel1.win32_1.1.0.202305231506/tools/bin/../lib/gcc/arm-none-eabi/11.3.1/thumb/v7-m/nofp/crtn.o
OUTPUT(Drive.elf elf32-littlearm)
LOAD linker stubs
LOAD C:/ST/STM32CubeIDE_1.13.1/STM32CubeIDE/plugins/com.st.stm32cube.ide.mcu.externaltools.gnu-tools-for-stm32.11.3.rel1.win32_1.1.0.202305231506/tools/bin/../lib/gcc/arm-none-eabi/11.3.1/../../../../arm-none-eabi/lib/thumb/v7-m/nofp\libc.a
LOAD C:/ST/STM32CubeIDE_1.13.1/STM32CubeIDE/plugins/com.st.stm32cube.ide.mcu.externaltools.gnu-tools-for-stm32.11.3.rel1.win32_1.1.0.202305231506/tools/bin/../lib/gcc/arm-none-eabi/11.3.1/../../../../arm-none-eabi/lib/thumb/v7-m/nofp\libm.a
LOAD C:/ST/STM32CubeIDE_1.13.1/STM32CubeIDE/plugins/com.st.stm32cube.ide.mcu.externaltools.gnu-tools-for-stm32.11.3.rel1.win32_1.1.0.202305231506/tools/bin/../lib/gcc/arm-none-eabi/11.3.1/thumb/v7-m/nofp\libgcc.a

.comment        0x0000000000000000       0x43
 .comment       0x0000000000000000       0x43 C:/ST/STM32CubeIDE_1.13.1/STM32CubeIDE/plugins/com.st.stm32cube.ide.mcu.externaltools.gnu-tools-for-stm32.11.3.rel1.win32_1.1.0.202305231506/tools/bin/../lib/gcc/arm-none-eabi/11.3.1/thumb/v7-m/nofp/crtbegin.o
                                         0x44 (size before relaxing)
 .comment       0x0000000000000043       0x44 ./STM32F103x6/EXTI_Program.o
 .comment       0x0000000000000043       0x44 ./STM32F103x6/GPIO_Program.o
 .comment       0x0000000000000043       0x44 ./STM32F103x6/NVIC_Program.o
 .comment       0x0000000000000043       0x44 ./STM32F103x6/RCC_Program.o
 .comment       0x0000000000000043       0x44 ./STM32F103x6/SPI_Program.o
 .comment       0x0000000000000043       0x44 ./STM32F103x6/USART_Program.o
 .comment       0x0000000000000043       0x44 ./Src/main.o

.debug_info     0x0000000000000000     0x3e82
 .debug_info    0x0000000000000000      0x540 ./STM32F103x6/EXTI_Program.o
 .debug_info    0x0000000000000540      0xd47 ./STM32F103x6/GPIO_Program.o
 .debug_info    0x0000000000001287      0x5e5 ./STM32F103x6/NVIC_Program.o
 .debug_info    0x000000000000186c      0x43f ./STM32F103x6/RCC_Program.o
 .debug_info    0x0000000000001cab      0x99b ./STM32F103x6/SPI_Program.o
 .debug_info    0x0000000000002646      0x8e5 ./STM32F103x6/USART_Program.o
 .debug_info    0x0000000000002f2b      0xf35 ./Src/main.o
 .debug_info    0x0000000000003e60       0x22 ./Startup/startup_stm32f103c6tx.o

.debug_abbrev   0x0000000000000000      0xb53
 .debug_abbrev  0x0000000000000000      0x135 ./STM32F103x6/EXTI_Program.o
 .debug_abbrev  0x0000000000000135      0x226 ./STM32F103x6/GPIO_Program.o
 .debug_abbrev  0x000000000000035b      0x11a ./STM32F103x6/NVIC_Program.o
 .debug_abbrev  0x0000000000000475      0x142 ./STM32F103x6/RCC_Program.o
 .debug_abbrev  0x00000000000005b7      0x1b7 ./STM32F103x6/SPI_Program.o
 .debug_abbrev  0x000000000000076e      0x1d6 ./STM32F103x6/USART_Program.o
 .debug_abbrev  0x0000000000000944      0x1fd ./Src/main.o
 .debug_abbrev  0x0000000000000b41       0x12 ./Startup/startup_stm32f103c6tx.o

.debug_loc      0x0000000000000000     0x1044
 .debug_loc     0x0000000000000000      0x3e8 ./STM32F103x6/EXTI_Program.o
 .debug_loc     0x00000000000003e8      0x430 ./STM32F103x6/GPIO_Program.o
 .debug_loc     0x0000000000000818      0x228 ./STM32F103x6/NVIC_Program.o
 .debug_loc     0x0000000000000a40       0xc8 ./STM32F103x6/RCC_Program.o
 .debug_loc     0x0000000000000b08      0x26c ./STM32F103x6/SPI_Program.o
 .debug_loc     0x0000000000000d74      0x1c0 ./STM32F103x6/USART_Program.o
 .debug_loc     0x0000000000000f34      0x110 ./Src/main.o

.debug_aranges  0x0000000000000000      0x270
 .debug_aranges
                0x0000000000000000       0x88 ./STM32F103x6/EXTI_Program.o
 .debug_aranges
                0x0000000000000088       0x78 ./STM32F103x6/GPIO_Program.o
 .debug_aranges
                0x0000000000000100       0x48 ./STM32F103x6/NVIC_Program.o
 .debug_aranges
                0x0000000000000148       0x38 ./STM32F103x6/RCC_Program.o
 .debug_aranges
                0x0000000000000180       0x50 ./STM32F103x6/SPI_Program.o
 .debug_aranges
                0x00000000000001d0       0x40 ./STM32F103x6/USART_Program.o
 .debug_aranges
                0x0000000000000210       0x38 ./Src/main.o
 .debug_aranges
                0x0000000000000248       0x28 ./Startup/startup_stm32f103c6tx.o

.debug_ranges   0x0000000000000000      0x1f8
 .debug_ranges  0x0000000000000000       0x78 ./STM32F103x6/EXTI_Program.o
 .debug_ranges  0x0000000000000078       0x68 ./STM32F103x6/GPIO_Program.o
 .debug_ranges  0x00000000000000e0       0x38 ./STM32F103x6/NVIC_Program.o
 .debug_ranges  0x0000000000000118       0x28 ./STM32F103x6/RCC_Program.o
 .debug_ranges  0x0000000000000140       0x40 ./STM32F103x6/SPI_Program.o
 .debug_ranges  0x0000000000000180       0x30 ./STM32F103x6/USART_Program.o
 .debug_ranges  0x00000000000001b0       0x28 ./Src/main.o
 .debug_ranges  0x00000000000001d8       0x20 ./Startup/startup_stm32f103c6tx.o

.debug_macro    0x0000000000000000     0x11bd
 .debug_macro   0x0000000000000000      0x19a ./STM32F103x6/EXTI_Program.o
 .debug_macro   0x000000000000019a       0x5e ./STM32F103x6/EXTI_Program.o
 .debug_macro   0x00000000000001f8      0x1a8 ./STM32F103x6/GPIO_Program.o
 .debug_macro   0x00000000000003a0       0x8e ./STM32F103x6/GPIO_Program.o
 .debug_macro   0x000000000000042e       0x51 ./STM32F103x6/GPIO_Program.o
 .debug_macro   0x000000000000047f       0x61 ./STM32F103x6/GPIO_Program.o
 .debug_macro   0x00000000000004e0       0x16 ./STM32F103x6/GPIO_Program.o
 .debug_macro   0x00000000000004f6       0x97 ./STM32F103x6/GPIO_Program.o
 .debug_macro   0x000000000000058d       0xfd ./STM32F103x6/GPIO_Program.o
 .debug_macro   0x000000000000068a       0x16 ./STM32F103x6/GPIO_Program.o
 .debug_macro   0x00000000000006a0      0x171 ./STM32F103x6/GPIO_Program.o
 .debug_macro   0x0000000000000811       0x46 ./STM32F103x6/GPIO_Program.o
 .debug_macro   0x0000000000000857      0x19c ./STM32F103x6/NVIC_Program.o
 .debug_macro   0x00000000000009f3       0x16 ./STM32F103x6/NVIC_Program.o
 .debug_macro   0x0000000000000a09      0x189 ./STM32F103x6/RCC_Program.o
 .debug_macro   0x0000000000000b92       0x40 ./STM32F103x6/RCC_Program.o
 .debug_macro   0x0000000000000bd2       0x1c ./STM32F103x6/RCC_Program.o
 .debug_macro   0x0000000000000bee      0x193 ./STM32F103x6/SPI_Program.o
 .debug_macro   0x0000000000000d81       0x7c ./STM32F103x6/SPI_Program.o
 .debug_macro   0x0000000000000dfd      0x198 ./STM32F103x6/USART_Program.o
 .debug_macro   0x0000000000000f95       0x34 ./STM32F103x6/USART_Program.o
 .debug_macro   0x0000000000000fc9       0x3b ./STM32F103x6/USART_Program.o
 .debug_macro   0x0000000000001004      0x1b9 ./Src/main.o

.debug_line     0x0000000000000000     0x3916
 .debug_line    0x0000000000000000      0x8a4 ./STM32F103x6/EXTI_Program.o
 .debug_line    0x00000000000008a4      0xb51 ./STM32F103x6/GPIO_Program.o
 .debug_line    0x00000000000013f5      0x6ed ./STM32F103x6/NVIC_Program.o
 .debug_line    0x0000000000001ae2      0x692 ./STM32F103x6/RCC_Program.o
 .debug_line    0x0000000000002174      0x7fb ./STM32F103x6/SPI_Program.o
 .debug_line    0x000000000000296f      0x863 ./STM32F103x6/USART_Program.o
 .debug_line    0x00000000000031d2      0x6c0 ./Src/main.o
 .debug_line    0x0000000000003892       0x84 ./Startup/startup_stm32f103c6tx.o

.debug_str      0x0000000000000000     0xa10f
 .debug_str     0x0000000000000000     0x84ab ./STM32F103x6/EXTI_Program.o
                                       0x86b0 (size before relaxing)
 .debug_str     0x00000000000084ab      0x6e1 ./STM32F103x6/GPIO_Program.o
                                       0x88ed (size before relaxing)
 .debug_str     0x0000000000008b8c      0x4ec ./STM32F103x6/NVIC_Program.o
                                       0x86d8 (size before relaxing)
 .debug_str     0x0000000000009078      0x15d ./STM32F103x6/RCC_Program.o
                                       0x82cc (size before relaxing)
 .debug_str     0x00000000000091d5      0x6b0 ./STM32F103x6/SPI_Program.o
                                       0x8881 (size before relaxing)
 .debug_str     0x0000000000009885      0x7f5 ./STM32F103x6/USART_Program.o
                                       0x8b59 (size before relaxing)
 .debug_str     0x000000000000a07a       0x66 ./Src/main.o
                                       0x9513 (size before relaxing)
 .debug_str     0x000000000000a0e0       0x2f ./Startup/startup_stm32f103c6tx.o
                                         0x54 (size before relaxing)

.debug_frame    0x0000000000000000      0x824
 .debug_frame   0x0000000000000000      0x1f8 ./STM32F103x6/EXTI_Program.o
 .debug_frame   0x00000000000001f8      0x1ec ./STM32F103x6/GPIO_Program.o
 .debug_frame   0x00000000000003e4      0x100 ./STM32F103x6/NVIC_Program.o
 .debug_frame   0x00000000000004e4       0x84 ./STM32F103x6/RCC_Program.o
 .debug_frame   0x0000000000000568      0x120 ./STM32F103x6/SPI_Program.o
 .debug_frame   0x0000000000000688       0xd8 ./STM32F103x6/USART_Program.o
 .debug_frame   0x0000000000000760       0x98 ./Src/main.o
 .debug_frame   0x00000000000007f8       0x2c C:/ST/STM32CubeIDE_1.13.1/STM32CubeIDE/plugins/com.st.stm32cube.ide.mcu.externaltools.gnu-tools-for-stm32.11.3.rel1.win32_1.1.0.202305231506/tools/bin/../lib/gcc/arm-none-eabi/11.3.1/../../../../arm-none-eabi/lib/thumb/v7-m/nofp\libc_nano.a(libc_a-init.o)
