Archive member included to satisfy reference by file (symbol)

C:/ST/STM32CubeIDE_1.13.1/STM32CubeIDE/plugins/com.st.stm32cube.ide.mcu.externaltools.gnu-tools-for-stm32.11.3.rel1.win32_1.1.0.202305231506/tools/bin/../lib/gcc/arm-none-eabi/11.3.1/../../../../arm-none-eabi/lib/thumb/v7-m/nofp\libc_nano.a(libc_a-exit.o)
                              C:/ST/STM32CubeIDE_1.13.1/STM32CubeIDE/plugins/com.st.stm32cube.ide.mcu.externaltools.gnu-tools-for-stm32.11.3.rel1.win32_1.1.0.202305231506/tools/bin/../lib/gcc/arm-none-eabi/11.3.1/../../../../arm-none-eabi/lib/thumb/v7-m/nofp/crt0.o (exit)
C:/ST/STM32CubeIDE_1.13.1/STM32CubeIDE/plugins/com.st.stm32cube.ide.mcu.externaltools.gnu-tools-for-stm32.11.3.rel1.win32_1.1.0.202305231506/tools/bin/../lib/gcc/arm-none-eabi/11.3.1/../../../../arm-none-eabi/lib/thumb/v7-m/nofp\libc_nano.a(libc_a-findfp.o)
                              C:/ST/STM32CubeIDE_1.13.1/STM32CubeIDE/plugins/com.st.stm32cube.ide.mcu.externaltools.gnu-tools-for-stm32.11.3.rel1.win32_1.1.0.202305231506/tools/bin/../lib/gcc/arm-none-eabi/11.3.1/../../../../arm-none-eabi/lib/thumb/v7-m/nofp\libc_nano.a(libc_a-exit.o) (__stdio_exit_handler)
C:/ST/STM32CubeIDE_1.13.1/STM32CubeIDE/plugins/com.st.stm32cube.ide.mcu.externaltools.gnu-tools-for-stm32.11.3.rel1.win32_1.1.0.202305231506/tools/bin/../lib/gcc/arm-none-eabi/11.3.1/../../../../arm-none-eabi/lib/thumb/v7-m/nofp\libc_nano.a(libc_a-fwalk.o)
                              C:/ST/STM32CubeIDE_1.13.1/STM32CubeIDE/plugins/com.st.stm32cube.ide.mcu.externaltools.gnu-tools-for-stm32.11.3.rel1.win32_1.1.0.202305231506/tools/bin/../lib/gcc/arm-none-eabi/11.3.1/../../../../arm-none-eabi/lib/thumb/v7-m/nofp\libc_nano.a(libc_a-findfp.o) (_fwalk_sglue)
C:/ST/STM32CubeIDE_1.13.1/STM32CubeIDE/plugins/com.st.stm32cube.ide.mcu.externaltools.gnu-tools-for-stm32.11.3.rel1.win32_1.1.0.202305231506/tools/bin/../lib/gcc/arm-none-eabi/11.3.1/../../../../arm-none-eabi/lib/thumb/v7-m/nofp\libc_nano.a(libc_a-stdio.o)
                              C:/ST/STM32CubeIDE_1.13.1/STM32CubeIDE/plugins/com.st.stm32cube.ide.mcu.externaltools.gnu-tools-for-stm32.11.3.rel1.win32_1.1.0.202305231506/tools/bin/../lib/gcc/arm-none-eabi/11.3.1/../../../../arm-none-eabi/lib/thumb/v7-m/nofp\libc_nano.a(libc_a-findfp.o) (__sread)
C:/ST/STM32CubeIDE_1.13.1/STM32CubeIDE/plugins/com.st.stm32cube.ide.mcu.externaltools.gnu-tools-for-stm32.11.3.rel1.win32_1.1.0.202305231506/tools/bin/../lib/gcc/arm-none-eabi/11.3.1/../../../../arm-none-eabi/lib/thumb/v7-m/nofp\libc_nano.a(libc_a-memset.o)
                              C:/ST/STM32CubeIDE_1.13.1/STM32CubeIDE/plugins/com.st.stm32cube.ide.mcu.externaltools.gnu-tools-for-stm32.11.3.rel1.win32_1.1.0.202305231506/tools/bin/../lib/gcc/arm-none-eabi/11.3.1/../../../../arm-none-eabi/lib/thumb/v7-m/nofp/crt0.o (memset)
C:/ST/STM32CubeIDE_1.13.1/STM32CubeIDE/plugins/com.st.stm32cube.ide.mcu.externaltools.gnu-tools-for-stm32.11.3.rel1.win32_1.1.0.202305231506/tools/bin/../lib/gcc/arm-none-eabi/11.3.1/../../../../arm-none-eabi/lib/thumb/v7-m/nofp\libc_nano.a(libc_a-closer.o)
                              C:/ST/STM32CubeIDE_1.13.1/STM32CubeIDE/plugins/com.st.stm32cube.ide.mcu.externaltools.gnu-tools-for-stm32.11.3.rel1.win32_1.1.0.202305231506/tools/bin/../lib/gcc/arm-none-eabi/11.3.1/../../../../arm-none-eabi/lib/thumb/v7-m/nofp\libc_nano.a(libc_a-stdio.o) (_close_r)
C:/ST/STM32CubeIDE_1.13.1/STM32CubeIDE/plugins/com.st.stm32cube.ide.mcu.externaltools.gnu-tools-for-stm32.11.3.rel1.win32_1.1.0.202305231506/tools/bin/../lib/gcc/arm-none-eabi/11.3.1/../../../../arm-none-eabi/lib/thumb/v7-m/nofp\libc_nano.a(libc_a-reent.o)
                              C:/ST/STM32CubeIDE_1.13.1/STM32CubeIDE/plugins/com.st.stm32cube.ide.mcu.externaltools.gnu-tools-for-stm32.11.3.rel1.win32_1.1.0.202305231506/tools/bin/../lib/gcc/arm-none-eabi/11.3.1/../../../../arm-none-eabi/lib/thumb/v7-m/nofp\libc_nano.a(libc_a-closer.o) (errno)
C:/ST/STM32CubeIDE_1.13.1/STM32CubeIDE/plugins/com.st.stm32cube.ide.mcu.externaltools.gnu-tools-for-stm32.11.3.rel1.win32_1.1.0.202305231506/tools/bin/../lib/gcc/arm-none-eabi/11.3.1/../../../../arm-none-eabi/lib/thumb/v7-m/nofp\libc_nano.a(libc_a-impure.o)
                              C:/ST/STM32CubeIDE_1.13.1/STM32CubeIDE/plugins/com.st.stm32cube.ide.mcu.externaltools.gnu-tools-for-stm32.11.3.rel1.win32_1.1.0.202305231506/tools/bin/../lib/gcc/arm-none-eabi/11.3.1/../../../../arm-none-eabi/lib/thumb/v7-m/nofp\libc_nano.a(libc_a-reent.o) (_impure_ptr)
C:/ST/STM32CubeIDE_1.13.1/STM32CubeIDE/plugins/com.st.stm32cube.ide.mcu.externaltools.gnu-tools-for-stm32.11.3.rel1.win32_1.1.0.202305231506/tools/bin/../lib/gcc/arm-none-eabi/11.3.1/../../../../arm-none-eabi/lib/thumb/v7-m/nofp\libc_nano.a(libc_a-lseekr.o)
[...]
Memory Configuration

Name             Origin             Length             Attributes
RAM              0x0000000020000000 0x0000000000002800 xrw
FLASH            0x0000000008000000 0x0000000000008000 xr
*default*        0x0000000000000000 0xffffffffffffffff

Linker script and memory map

LOAD C:/ST/STM32CubeIDE_1.13.1/STM32CubeIDE/plugins/com.st.stm32cube.ide.mcu.externaltools.gnu-tools-for-stm32.11.3.rel1.win32_1.1.0.202305231506/tools/bin/../lib/gcc/arm-none-eabi/11.3.1/thumb/v7-m/nofp/crti.o
LOAD C:/ST/STM32CubeIDE_1.13.1/STM32CubeIDE/plugins/com.st.stm32cube.ide.mcu.externaltools.gnu-tools-for-stm32.11.3.rel1.win32_1.1.0.202305231506/tools/bin/../lib/gcc/arm-none-eabi/11.3.1/thumb/v7-m/nofp/crtbegin.o
LOAD C:/ST/STM32CubeIDE_1.13.1/STM32CubeIDE/plugins/com.st.stm32cube.ide.mcu.externaltools.gnu-tools-for-stm32.11.3.rel1.win32_1.1.0.202305231506/tools/bin/../lib/gcc/arm-none-eabi/11.3.1/../../../../arm-none-eabi/lib/thumb/v7-m/nofp/crt0.o
LOAD ./STM32F103x6/AFIO_Program.o
LOAD ./STM32F103x6/CLCD_prog.o
LOAD ./STM32F103x6/EXTI_Program.o
LOAD ./STM32F103x6/GPIO_Program.o
LOAD ./STM32F103x6/KPD_prog.o
LOAD ./STM32F103x6/NVIC_Program.o
LOAD ./STM32F103x6/RCC_Program.o
LOAD ./STM32F103x6/STK_program.o
LOAD ./STM32F103x6/USART_Program.o
LOAD ./Src/main.o
LOAD ./Src/syscalls.o
LOAD ./Src/sysmem.o
LOAD ./Startup/startup_stm32f103c6tx.o
START GROUP
LOAD C:/ST/STM32CubeIDE_1.13.1/STM32CubeIDE/plugins/com.st.stm32cube.ide.mcu.externaltools.gnu-tools-for-stm32.11.3.rel1.win32_1.1.0.202305231506/tools/bin/../lib/gcc/arm-none-eabi/11.3.1/../../../../arm-none-eabi/lib/thumb/v7-m/nofp\libc_nano.a
LOAD C:/ST/STM32CubeIDE_1.13.1/STM32CubeIDE/plugins/com.st.stm32cube.ide.mcu.externaltools.gnu-tools-for-stm32.11.3.rel1.win32_1.1.0.202305231506/tools/bin/../lib/gcc/arm-none-eabi/11.3.1/../../../../arm-none-eabi/lib/thumb/v7-m/nofp\libm.a
END GROUP
START GROUP
LOAD C:/ST/STM32CubeIDE_1.13.1/STM32CubeIDE/plugins/com.st.stm32cube.ide.mcu.externaltools.gnu-tools-for-stm32.11.3.rel1.win32_1.1.0.202305231506/tools/bin/../lib/gcc/arm-none-eabi/11.3.1/thumb/v7-m/nofp\libgcc.a
LOAD C:/ST/STM32CubeIDE_1.13.1/STM32CubeIDE/plugins/com.st.stm32cube.ide.mcu.externaltools.gnu-tools-for-stm32.11.3.rel1.win32_1.1.0.202305231506/tools/bin/../lib/gcc/arm-none-eabi/11.3.1/../../../../arm-none-eabi/lib/thumb/v7-m/nofp\libg_nano.a
LOAD C:/ST/STM32CubeIDE_1.13.1/STM32CubeIDE/plugins/com.st.stm32cube.ide.mcu.externaltools.gnu-tools-for-stm32.11.3.rel1.win32_1.1.0.202305231506/tools/bin/../lib/gcc/arm-none-eabi/11.3.1/../../../../arm-none-eabi/lib/thumb/v7-m/nofp\libc_nano.a
END GROUP
START GROUP
LOAD C:/ST/STM32CubeIDE_1.13.1/STM32CubeIDE/plugins/com.st.stm32cube.ide.mcu.externaltools.gnu-tools-for-stm32.11.3.rel1.win32_1.1.0.202305231506/tools/bin/../lib/gcc/arm-none-eabi/11.3.1/thumb/v7-m/nofp\libgcc.a
LOAD C:/ST/STM32CubeIDE_1.13.1/STM32CubeIDE/plugins/com.st.stm32cube.ide.mcu.externaltools.gnu-tools-for-stm32.11.3.rel1.win32_1.1.0.202305231506/tools/bin/../lib/gcc/arm-none-eabi/11.3.1/../../../../arm-none-eabi/lib/thumb/v7-m/nofp\libc_nano.a
LOAD C:/ST/STM32CubeIDE_1.13.1/STM32CubeIDE/plugins/com.st.stm32cube.ide.mcu.externaltools.gnu-tools-for-stm32.11.3.rel1.win32_1.1.0.202305231506/tools/bin/../lib/gcc/arm-none-eabi/11.3.1/../../../../arm-none-eabi/lib/thumb/v7-m/nofp\libnosys.a
END GROUP
START GROUP
LOAD C:/ST/STM32CubeIDE_1.13.1/STM32CubeIDE/plugins/com.st.stm32cube.ide.mcu.externaltools.gnu-tools-for-stm32.11.3.rel1.win32_1.1.0.202305231506/tools/bin/../lib/gcc/arm-none-eabi/11.3.1/thumb/v7-m/nofp\libgcc.a
LOAD C:/ST/STM32CubeIDE_1.13.1/STM32CubeIDE/plugins/com.st.stm32cube.ide.mcu.externaltools.gnu-tools-for-stm32.11.3.rel1.win32_1.1.0.202305231506/tools/bin/../lib/gcc/arm-none-eabi/11.3.1/../../../../arm-none-eabi/lib/thumb/v7-m/nofp\libc_nano.a
LOAD C:/ST/STM32CubeIDE_1.13.1/STM32CubeIDE/plugins/com.st.stm32cube.ide.mcu.externaltools.gnu-tools-for-stm32.11.3.rel1.win32_1.1.0.202305231506/tools/bin/../lib/gcc/arm-none-eabi/11.3.1/../../../../arm-none-eabi/lib/thumb/v7-m/nofp\libnosys.a
END GROUP
LOAD C:/ST/STM32CubeIDE_1.13.1/STM32CubeIDE/plugins/com.st.stm32cube.ide.mcu.externaltools.gnu-tools-for-stm32.11.3.rel1.win32_1.1.0.202305231506/tools/bin/../lib/gcc/arm-none-eabi/11.3.1/thumb/v7-m/nofp/crtend.o
LOAD C:/ST/STM32CubeIDE_1.13.1/STM32CubeIDE/plugins/com.st.stm32cube.ide.mcu.externaltools.gnu-tools-for-stm32.11.3.rel1.win32_1.1.0.202305231506/tools/bin/../lib/gcc/arm-none-eabi/11.3.1/thumb/v7-m/nofp/crtn.o
                0x0000000020002800                _estack = (ORIGIN (RAM) + LENGTH (RAM))
                0x0000000000000200                _Min_Heap_Size = 0x200
                0x0000000000000400                _Min_Stack_Size = 0x400

.isr_vector     0x0000000008000000      0x130
                0x0000000008000000                . = ALIGN (0x4)
 *(.isr_vector)
 .isr_vector    0x0000000008000000      0x130 ./Startup/startup_stm32f103c6tx.o
                0x0000000008000000                g_pfnVectors
                0x0000000008000130                . = ALIGN (0x4)

.text           0x0000000008000130      0xab8
                0x0000000008000130                . = ALIGN (0x4)
 *(.text)
 .text          0x0000000008000130       0x40 C:/ST/STM32CubeIDE_1.13.1/STM32CubeIDE/plugins/com.st.stm32cube.ide.mcu.externaltools.gnu-tools-for-stm32.11.3.rel1.win32_1.1.0.202305231506/tools/bin/../lib/gcc/arm-none-eabi/11.3.1/thumb/v7-m/nofp/crtbegin.o
 *(.text*)
 .text.EXTI0_IRQHandler
                0x0000000008000170       0x24 ./STM32F103x6/EXTI_Program.o
                0x0000000008000170                EXTI0_IRQHandler
 .text.EXTI1_IRQHandler
                0x0000000008000194       0x24 ./STM32F103x6/EXTI_Program.o
                0x0000000008000194                EXTI1_IRQHandler
 .text.EXTI2_IRQHandler
                0x00000000080001b8       0x24 ./STM32F103x6/EXTI_Program.o
                0x00000000080001b8                EXTI2_IRQHandler
 .text.EXTI3_IRQHandler
                0x00000000080001dc       0x24 ./STM32F103x6/EXTI_Program.o
                0x00000000080001dc                EXTI3_IRQHandler
 .text.EXTI9_5_IRQHandler
                0x0000000008000200       0xb0 ./STM32F103x6/EXTI_Program.o
                0x0000000008000200                EXTI9_5_IRQHandler
 .text.EXTI15_10_IRQHandler
                0x00000000080002b0       0xd0 ./STM32F103x6/EXTI_Program.o
                0x00000000080002b0                EXTI15_10_IRQHandler
 .text.GET_CRLH_Position
                0x0000000008000380      0x19c ./STM32F103x6/GPIO_Program.o
 .text.GPIO_u8PinInit
                0x000000000800051c      0x164 ./STM32F103x6/GPIO_Program.o
                0x000000000800051c                GPIO_u8PinInit
 .text.RCC_GetSYSCLCK
                0x0000000008000680       0x44 ./STM32F103x6/RCC_Program.o
                0x0000000008000680                RCC_GetSYSCLCK
 .text.RCC_GetHCLCK
                0x00000000080006c4       0x28 ./STM32F103x6/RCC_Program.o
                0x00000000080006c4                RCC_GetHCLCK
 .text.RCC_GetPCLCK1
                0x00000000080006ec       0x28 ./STM32F103x6/RCC_Program.o
                0x00000000080006ec                RCC_GetPCLCK1
 .text.RCC_GetPCLCK2
                0x0000000008000714       0x28 ./STM32F103x6/RCC_Program.o
                0x0000000008000714                RCC_GetPCLCK2
 .text.USART_Init
                0x000000000800073c      0x228 ./STM32F103x6/USART_Program.o
                0x000000000800073c                USART_Init
 .text.USART_U16SendData
                0x0000000008000964       0x64 ./STM32F103x6/USART_Program.o
                0x0000000008000964                USART_U16SendData
 .text.USART_U16RecieveData
                0x00000000080009c8       0x9c ./STM32F103x6/USART_Program.o
                0x00000000080009c8                USART_U16RecieveData
 .text.main     0x0000000008000a64       0x48 ./Src/main.o
                0x0000000008000a64                main
 .text.CLCK_Init
                0x0000000008000aac       0x34 ./Src/main.o
                0x0000000008000aac                CLCK_Init
 .text.GPIO_Init
                0x0000000008000ae0       0x54 ./Src/main.o
                0x0000000008000ae0                GPIO_Init
 .text.Reset_Handler
                0x0000000008000b34       0x50 ./Startup/startup_stm32f103c6tx.o
                0x0000000008000b34                Reset_Handler
 .text.Default_Handler
                0x0000000008000b84        0x2 ./Startup/startup_stm32f103c6tx.o
                0x0000000008000b84                TIM8_TRG_COM_IRQHandler
                0x0000000008000b84                TIM8_CC_IRQHandler
                0x0000000008000b84                DebugMon_Handler
                0x0000000008000b84                TIM1_CC_IRQHandler
                0x0000000008000b84                HardFault_Handler
                0x0000000008000b84                TIM6_IRQHandler
                0x0000000008000b84                SysTick_Handler
                0x0000000008000b84                PVD_IRQHandler
                0x0000000008000b84                SDIO_IRQHandler
                0x0000000008000b84                PendSV_Handler
                0x0000000008000b84                NMI_Handler
                0x0000000008000b84                USB_HP_CAN_TX_IRQHandler
                0x0000000008000b84                I2C2_EV_IRQHandler
                0x0000000008000b84                UsageFault_Handler
                0x0000000008000b84                ADC1_2_IRQHandler
                0x0000000008000b84                SPI1_IRQHandler
                0x0000000008000b84                CAN_SCE_IRQHandler
                0x0000000008000b84                TAMPER_IRQHandler
                0x0000000008000b84                TIM8_UP_IRQHandler
                0x0000000008000b84                DMA2_Channel2_IRQHandler
                0x0000000008000b84                DMA1_Channel4_IRQHandler
                0x0000000008000b84                USART3_IRQHandler
                0x0000000008000b84                RTC_IRQHandler
                0x0000000008000b84                DMA1_Channel7_IRQHandler
                0x0000000008000b84                UART5_IRQHandler
                0x0000000008000b84                ADC3_IRQHandler
                0x0000000008000b84                TIM4_IRQHandler
                0x0000000008000b84                CAN_RX1_IRQHandler
                0x0000000008000b84                DMA2_Channel1_IRQHandler
                0x0000000008000b84                I2C1_EV_IRQHandler
                0x0000000008000b84                DMA1_Channel6_IRQHandler
                0x0000000008000b84                UART4_IRQHandler
                0x0000000008000b84                TIM3_IRQHandler
                0x0000000008000b84                RCC_IRQHandler
                0x0000000008000b84                TIM1_TRG_COM_IRQHandler
                0x0000000008000b84                DMA1_Channel1_IRQHandler
                0x0000000008000b84                Default_Handler
                0x0000000008000b84                TIM7_IRQHandler
                0x0000000008000b84                TIM5_IRQHandler
                0x0000000008000b84                SPI2_IRQHandler
                0x0000000008000b84                USB_LP_CAN_RX0_IRQHandler
                0x0000000008000b84                MemManage_Handler
                0x0000000008000b84                SVC_Handler
                0x0000000008000b84                DMA1_Channel5_IRQHandler
                0x0000000008000b84                EXTI4_IRQHandler
                0x0000000008000b84                DMA1_Channel3_IRQHandler
                0x0000000008000b84                FSMC_IRQHandler
                0x0000000008000b84                TIM1_UP_IRQHandler
                0x0000000008000b84                WWDG_IRQHandler
                0x0000000008000b84                TIM2_IRQHandler
                0x0000000008000b84                TIM1_BRK_IRQHandler
                0x0000000008000b84                RTCAlarm_IRQHandler
                0x0000000008000b84                DMA2_Channel4_5_IRQHandler
                0x0000000008000b84                USART2_IRQHandler
                0x0000000008000b84                I2C2_ER_IRQHandler
                0x0000000008000b84                DMA1_Channel2_IRQHandler
                0x0000000008000b84                TIM8_BRK_IRQHandler
                0x0000000008000b84                FLASH_IRQHandler
                0x0000000008000b84                BusFault_Handler
                0x0000000008000b84                USART1_IRQHandler
                0x0000000008000b84                SPI3_IRQHandler
                0x0000000008000b84                I2C1_ER_IRQHandler
                0x0000000008000b84                DMA2_Channel3_IRQHandler
 *fill*         0x0000000008000b86        0x2 
 .text.__libc_init_array
                0x0000000008000b88       0x48 C:/ST/STM32CubeIDE_1.13.1/STM32CubeIDE/plugins/com.st.stm32cube.ide.mcu.externaltools.gnu-tools-for-stm32.11.3.rel1.win32_1.1.0.202305231506/tools/bin/../lib/gcc/arm-none-eabi/11.3.1/../../../../arm-none-eabi/lib/thumb/v7-m/nofp\libc_nano.a(libc_a-init.o)
                0x0000000008000b88                __libc_init_array
 *(.glue_7)
 .glue_7        0x0000000008000bd0        0x0 linker stubs
 *(.glue_7t)
 .glue_7t       0x0000000008000bd0        0x0 linker stubs
 *(.eh_frame)
 .eh_frame      0x0000000008000bd0        0x0 C:/ST/STM32CubeIDE_1.13.1/STM32CubeIDE/plugins/com.st.stm32cube.ide.mcu.externaltools.gnu-tools-for-stm32.11.3.rel1.win32_1.1.0.202305231506/tools/bin/../lib/gcc/arm-none-eabi/11.3.1/thumb/v7-m/nofp/crtbegin.o
 *(.init)
 .init          0x0000000008000bd0        0x4 C:/ST/STM32CubeIDE_1.13.1/STM32CubeIDE/plugins/com.st.stm32cube.ide.mcu.externaltools.gnu-tools-for-stm32.11.3.rel1.win32_1.1.0.202305231506/tools/bin/../lib/gcc/arm-none-eabi/11.3.1/thumb/v7-m/nofp/crti.o
                0x0000000008000bd0                _init
 .init          0x0000000008000bd4        0x8 C:/ST/STM32CubeIDE_1.13.1/STM32CubeIDE/plugins/com.st.stm32cube.ide.mcu.externaltools.gnu-tools-for-stm32.11.3.rel1.win32_1.1.0.202305231506/tools/bin/../lib/gcc/arm-none-eabi/11.3.1/thumb/v7-m/nofp/crtn.o
 *(.fini)
 .fini          0x0000000008000bdc        0x4 C:/ST/STM32CubeIDE_1.13.1/STM32CubeIDE/plugins/com.st.stm32cube.ide.mcu.externaltools.gnu-tools-for-stm32.11.3.rel1.win32_1.1.0.202305231506/tools/bin/../lib/gcc/arm-none-eabi/11.3.1/thumb/v7-m/nofp/crti.o
                0x0000000008000bdc                _fini
 .fini          0x0000000008000be0        0x8 C:/ST/STM32CubeIDE_1.13.1/STM32CubeIDE/plugins/com.st.stm32cube.ide.mcu.externaltools.gnu-tools-for-stm32.11.3.rel1.win32_1.1.0.202305231506/tools/bin/../lib/gcc/arm-none-eabi/11.3.1/thumb/v7-m/nofp/crtn.o
                0x0000000008000be8                . = ALIGN (0x4)
                0x0000000008000be8                _etext = .

.vfp11_veneer   0x0000000008000be8        0x0
 .vfp11_veneer  0x0000000008000be8        0x0 linker stubs

.v4_bx          0x0000000008000be8        0x0
 .v4_bx         0x0000000008000be8        0x0 linker stubs

.iplt           0x0000000008000be8        0x0
 .iplt          0x0000000008000be8        0x0 C:/ST/STM32CubeIDE_1.13.1/STM32CubeIDE/plugins/com.st.stm32cube.ide.mcu.externaltools.gnu-tools-for-stm32.11.3.rel1.win32_1.1.0.202305231506/tools/bin/../lib/gcc/arm-none-eabi/11.3.1/thumb/v7-m/nofp/crtbegin.o

.rodata         0x0000000008000be8       0x2c
                0x0000000008000be8                . = ALIGN (0x4)
 *(.rodata)
 .rodata        0x0000000008000be8       0x14 ./Src/main.o
 *(.rodata*)
 .rodata.APBPrescTable
                0x0000000008000bfc        0x8 ./STM32F103x6/RCC_Program.o
                0x0000000008000bfc                APBPrescTable
 .rodata.AHBPrescTable
                0x0000000008000c04       0x10 ./STM32F103x6/RCC_Program.o
                0x0000000008000c04                AHBPrescTable
                0x0000000008000c14                . = ALIGN (0x4)

.rel.dyn        0x0000000008000c14        0x0
 .rel.iplt      0x0000000008000c14        0x0 C:/ST/STM32CubeIDE_1.13.1/STM32CubeIDE/plugins/com.st.stm32cube.ide.mcu.externaltools.gnu-tools-for-stm32.11.3.rel1.win32_1.1.0.202305231506/tools/bin/../lib/gcc/arm-none-eabi/11.3.1/thumb/v7-m/nofp/crtbegin.o

.ARM.extab      0x0000000008000c14        0x0
                0x0000000008000c14                . = ALIGN (0x4)
 *(.ARM.extab* .gnu.linkonce.armextab.*)
                0x0000000008000c14                . = ALIGN (0x4)

.ARM            0x0000000008000c14        0x0
                0x0000000008000c14                . = ALIGN (0x4)
                0x0000000008000c14                __exidx_start = .
 *(.ARM.exidx*)
                0x0000000008000c14                __exidx_end = .
                0x0000000008000c14                . = ALIGN (0x4)

.preinit_array  0x0000000008000c14        0x0
                0x0000000008000c14                . = ALIGN (0x4)
                0x0000000008000c14                PROVIDE (__preinit_array_start = .)
 *(.preinit_array*)
                0x0000000008000c14                PROVIDE (__preinit_array_end = .)
                0x0000000008000c14                . = ALIGN (0x4)

.init_array     0x0000000008000c14        0x4
                0x0000000008000c14                . = ALIGN (0x4)
                0x0000000008000c14                PROVIDE (__init_array_start = .)
 *(SORT_BY_NAME(.init_array.*))
 *(.init_array*)
 .init_array    0x0000000008000c14        0x4 C:/ST/STM32CubeIDE_1.13.1/STM32CubeIDE/plugins/com.st.stm32cube.ide.mcu.externaltools.gnu-tools-for-stm32.11.3.rel1.win32_1.1.0.202305231506/tools/bin/../lib/gcc/arm-none-eabi/11.3.1/thumb/v7-m/nofp/crtbegin.o
                0x0000000008000c18                PROVIDE (__init_array_end = .)
                0x0000000008000c18                . = ALIGN (0x4)

.fini_array     0x0000000008000c18        0x4
                0x0000000008000c18                . = ALIGN (0x4)
                [!provide]                        PROVIDE (__fini_array_start = .)
 *(SORT_BY_NAME(.fini_array.*))
 *(.fini_array*)
 .fini_array    0x0000000008000c18        0x4 C:/ST/STM32CubeIDE_1.13.1/STM32CubeIDE/plugins/com.st.stm32cube.ide.mcu.externaltools.gnu-tools-for-stm32.11.3.rel1.win32_1.1.0.202305231506/tools/bin/../lib/gcc/arm-none-eabi/11.3.1/thumb/v7-m/nofp/crtbegin.o
                [!provide]                        PROVIDE (__fini_array_end = .)
                0x0000000008000c1c                . = ALIGN (0x4)
                0x0000000008000c1c                _sidata = LOADADDR (.data)

.data           0x0000000020000000       0x28 load address 0x0000000008000c1c
                0x0000000020000000                . = ALIGN (0x4)
                0x0000000020000000                _sdata = .
 *(.data)
 *(.data*)
 .data.GPIOPORT
                0x0000000020000000       0x1c ./STM32F103x6/GPIO_Program.o
 .data.USART    0x000000002000001c        0xc ./STM32F103x6/USART_Program.o
 *(.RamFunc)
 *(.RamFunc*)
                0x0000000020000028                . = ALIGN (0x4)
                0x0000000020000028                _edata = .

.igot.plt       0x0000000020000028        0x0 load address 0x0000000008000c44
 .igot.plt      0x0000000020000028        0x0 C:/ST/STM32CubeIDE_1.13.1/STM32CubeIDE/plugins/com.st.stm32cube.ide.mcu.externaltools.gnu-tools-for-stm32.11.3.rel1.win32_1.1.0.202305231506/tools/bin/../lib/gcc/arm-none-eabi/11.3.1/thumb/v7-m/nofp/crtbegin.o
                0x0000000020000028                . = ALIGN (0x4)

.bss            0x0000000020000028       0x60 load address 0x0000000008000c44
                0x0000000020000028                _sbss = .
                0x0000000020000028                __bss_start__ = _sbss
 *(.bss)
 .bss           0x0000000020000028       0x1c C:/ST/STM32CubeIDE_1.13.1/STM32CubeIDE/plugins/com.st.stm32cube.ide.mcu.externaltools.gnu-tools-for-stm32.11.3.rel1.win32_1.1.0.202305231506/tools/bin/../lib/gcc/arm-none-eabi/11.3.1/thumb/v7-m/nofp/crtbegin.o
 *(.bss*)
 .bss.EXTI_pvCallBackFunc
                0x0000000020000044       0x40 ./STM32F103x6/EXTI_Program.o
 .bss.Global_USART_CONFIG
                0x0000000020000084        0x4 ./STM32F103x6/USART_Program.o
                0x0000000020000084                Global_USART_CONFIG
 *(COMMON)
                0x0000000020000088                . = ALIGN (0x4)
                0x0000000020000088                _ebss = .
                0x0000000020000088                __bss_end__ = _ebss

._user_heap_stack
                0x0000000020000088      0x600 load address 0x0000000008000c44
                0x0000000020000088                . = ALIGN (0x8)
                [!provide]                        PROVIDE (end = .)
                0x0000000020000088                PROVIDE (_end = .)
                0x0000000020000288                . = (. + _Min_Heap_Size)
 *fill*         0x0000000020000088      0x200 
                0x0000000020000688                . = (. + _Min_Stack_Size)
 *fill*         0x0000000020000288      0x400 
                0x0000000020000688                . = ALIGN (0x8)

/DISCARD/
 libc.a(*)
 libm.a(*)
 libgcc.a(*)

.ARM.attributes
                0x0000000000000000       0x29
 *(.ARM.attributes)
 .ARM.attributes
                0x0000000000000000       0x1d C:/ST/STM32CubeIDE_1.13.1/STM32CubeIDE/plugins/com.st.stm32cube.ide.mcu.externaltools.gnu-tools-for-stm32.11.3.rel1.win32_1.1.0.202305231506/tools/bin/../lib/gcc/arm-none-eabi/11.3.1/thumb/v7-m/nofp/crti.o
 .ARM.attributes
                0x000000000000001d       0x2d C:/ST/STM32CubeIDE_1.13.1/STM32CubeIDE/plugins/com.st.stm32cube.ide.mcu.externaltools.gnu-tools-for-stm32.11.3.rel1.win32_1.1.0.202305231506/tools/bin/../lib/gcc/arm-none-eabi/11.3.1/thumb/v7-m/nofp/crtbegin.o
 .ARM.attributes
                0x000000000000004a       0x2d ./STM32F103x6/EXTI_Program.o
 .ARM.attributes
                0x0000000000000077       0x2d ./STM32F103x6/GPIO_Program.o
 .ARM.attributes
                0x00000000000000a4       0x2d ./STM32F103x6/RCC_Program.o
 .ARM.attributes
                0x00000000000000d1       0x2d ./STM32F103x6/USART_Program.o
 .ARM.attributes
                0x00000000000000fe       0x2d ./Src/main.o
 .ARM.attributes
                0x000000000000012b       0x21 ./Startup/startup_stm32f103c6tx.o
 .ARM.attributes
                0x000000000000014c       0x2d C:/ST/STM32CubeIDE_1.13.1/STM32CubeIDE/plugins/com.st.stm32cube.ide.mcu.externaltools.gnu-tools-for-stm32.11.3.rel1.win32_1.1.0.202305231506/tools/bin/../lib/gcc/arm-none-eabi/11.3.1/../../../../arm-none-eabi/lib/thumb/v7-m/nofp\libc_nano.a(libc_a-init.o)
 .ARM.attributes
                0x0000000000000179       0x1d C:/ST/STM32CubeIDE_1.13.1/STM32CubeIDE/plugins/com.st.stm32cube.ide.mcu.externaltools.gnu-tools-for-stm32.11.3.rel1.win32_1.1.0.202305231506/tools/bin/../lib/gcc/arm-none-eabi/11.3.1/thumb/v7-m/nofp/crtn.o
OUTPUT(Drive.elf elf32-littlearm)
LOAD linker stubs
LOAD C:/ST/STM32CubeIDE_1.13.1/STM32CubeIDE/plugins/com.st.stm32cube.ide.mcu.externaltools.gnu-tools-for-stm32.11.3.rel1.win32_1.1.0.202305231506/tools/bin/../lib/gcc/arm-none-eabi/11.3.1/../../../../arm-none-eabi/lib/thumb/v7-m/nofp\libc.a
LOAD C:/ST/STM32CubeIDE_1.13.1/STM32CubeIDE/plugins/com.st.stm32cube.ide.mcu.externaltools.gnu-tools-for-stm32.11.3.rel1.win32_1.1.0.202305231506/tools/bin/../lib/gcc/arm-none-eabi/11.3.1/../../../../arm-none-eabi/lib/thumb/v7-m/nofp\libm.a
LOAD C:/ST/STM32CubeIDE_1.13.1/STM32CubeIDE/plugins/com.st.stm32cube.ide.mcu.externaltools.gnu-tools-for-stm32.11.3.rel1.win32_1.1.0.202305231506/tools/bin/../lib/gcc/arm-none-eabi/11.3.1/thumb/v7-m/nofp\libgcc.a

.comment        0x0000000000000000       0x43
 .comment       0x0000000000000000       0x43 C:/ST/STM32CubeIDE_1.13.1/STM32CubeIDE/plugins/com.st.stm32cube.ide.mcu.externaltools.gnu-tools-for-stm32.11.3.rel1.win32_1.1.0.202305231506/tools/bin/../lib/gcc/arm-none-eabi/11.3.1/thumb/v7-m/nofp/crtbegin.o
                                         0x44 (size before relaxing)
 .comment       0x0000000000000043       0x44 ./STM32F103x6/EXTI_Program.o
 .comment       0x0000000000000043       0x44 ./STM32F103x6/GPIO_Program.o
 .comment       0x0000000000000043       0x44 ./STM32F103x6/RCC_Program.o
 .comment       0x0000000000000043       0x44 ./STM32F103x6/USART_Program.o
 .comment       0x0000000000000043       0x44 ./Src/main.o

.debug_info     0x0000000000000000     0x2694
 .debug_info    0x0000000000000000      0x540 ./STM32F103x6/EXTI_Program.o
 .debug_info    0x0000000000000540      0x9be ./STM32F103x6/GPIO_Program.o
 .debug_info    0x0000000000000efe      0x43f ./STM32F103x6/RCC_Program.o
 .debug_info    0x000000000000133d      0x8e7 ./STM32F103x6/USART_Program.o
 .debug_info    0x0000000000001c24      0xa4e ./Src/main.o
 .debug_info    0x0000000000002672       0x22 ./Startup/startup_stm32f103c6tx.o

.debug_abbrev   0x0000000000000000      0x84e
 .debug_abbrev  0x0000000000000000      0x135 ./STM32F103x6/EXTI_Program.o
 .debug_abbrev  0x0000000000000135      0x1f4 ./STM32F103x6/GPIO_Program.o
 .debug_abbrev  0x0000000000000329      0x142 ./STM32F103x6/RCC_Program.o
 .debug_abbrev  0x000000000000046b      0x1f8 ./STM32F103x6/USART_Program.o
 .debug_abbrev  0x0000000000000663      0x1d9 ./Src/main.o
 .debug_abbrev  0x000000000000083c       0x12 ./Startup/startup_stm32f103c6tx.o

.debug_loc      0x0000000000000000      0xac8
 .debug_loc     0x0000000000000000      0x3e8 ./STM32F103x6/EXTI_Program.o
 .debug_loc     0x00000000000003e8      0x38c ./STM32F103x6/GPIO_Program.o
 .debug_loc     0x0000000000000774       0xc8 ./STM32F103x6/RCC_Program.o
 .debug_loc     0x000000000000083c      0x1c0 ./STM32F103x6/USART_Program.o
 .debug_loc     0x00000000000009fc       0xcc ./Src/main.o

.debug_aranges  0x0000000000000000      0x1c0
 .debug_aranges
                0x0000000000000000       0x88 ./STM32F103x6/EXTI_Program.o
 .debug_aranges
                0x0000000000000088       0x68 ./STM32F103x6/GPIO_Program.o
 .debug_aranges
                0x00000000000000f0       0x38 ./STM32F103x6/RCC_Program.o
 .debug_aranges
                0x0000000000000128       0x40 ./STM32F103x6/USART_Program.o
 .debug_aranges
                0x0000000000000168       0x30 ./Src/main.o
 .debug_aranges
                0x0000000000000198       0x28 ./Startup/startup_stm32f103c6tx.o

.debug_ranges   0x0000000000000000      0x168
 .debug_ranges  0x0000000000000000       0x78 ./STM32F103x6/EXTI_Program.o
 .debug_ranges  0x0000000000000078       0x58 ./STM32F103x6/GPIO_Program.o
 .debug_ranges  0x00000000000000d0       0x28 ./STM32F103x6/RCC_Program.o
 .debug_ranges  0x00000000000000f8       0x30 ./STM32F103x6/USART_Program.o
 .debug_ranges  0x0000000000000128       0x20 ./Src/main.o
 .debug_ranges  0x0000000000000148       0x20 ./Startup/startup_stm32f103c6tx.o

.debug_macro    0x0000000000000000      0xdd8
 .debug_macro   0x0000000000000000      0x19a ./STM32F103x6/EXTI_Program.o
 .debug_macro   0x000000000000019a       0x5e ./STM32F103x6/EXTI_Program.o
 .debug_macro   0x00000000000001f8      0x1a8 ./STM32F103x6/GPIO_Program.o
 .debug_macro   0x00000000000003a0       0x8e ./STM32F103x6/GPIO_Program.o
 .debug_macro   0x000000000000042e       0x51 ./STM32F103x6/GPIO_Program.o
 .debug_macro   0x000000000000047f       0x61 ./STM32F103x6/GPIO_Program.o
 .debug_macro   0x00000000000004e0       0x16 ./STM32F103x6/GPIO_Program.o
 .debug_macro   0x00000000000004f6       0x97 ./STM32F103x6/GPIO_Program.o
 .debug_macro   0x000000000000058d       0xfd ./STM32F103x6/GPIO_Program.o
 .debug_macro   0x000000000000068a       0x16 ./STM32F103x6/GPIO_Program.o
 .debug_macro   0x00000000000006a0      0x13b ./STM32F103x6/GPIO_Program.o
 .debug_macro   0x00000000000007db       0x46 ./STM32F103x6/GPIO_Program.o
 .debug_macro   0x0000000000000821      0x189 ./STM32F103x6/RCC_Program.o
 .debug_macro   0x00000000000009aa       0x40 ./STM32F103x6/RCC_Program.o
 .debug_macro   0x00000000000009ea       0x1c ./STM32F103x6/RCC_Program.o
 .debug_macro   0x0000000000000a06      0x198 ./STM32F103x6/USART_Program.o
 .debug_macro   0x0000000000000b9e       0x34 ./STM32F103x6/USART_Program.o
 .debug_macro   0x0000000000000bd2       0x65 ./STM32F103x6/USART_Program.o
 .debug_macro   0x0000000000000c37      0x1a1 ./Src/main.o

.debug_line     0x0000000000000000     0x27f3
 .debug_line    0x0000000000000000      0x8a4 ./STM32F103x6/EXTI_Program.o
 .debug_line    0x00000000000008a4      0x938 ./STM32F103x6/GPIO_Program.o
 .debug_line    0x00000000000011dc      0x692 ./STM32F103x6/RCC_Program.o
 .debug_line    0x000000000000186e      0x863 ./STM32F103x6/USART_Program.o
 .debug_line    0x00000000000020d1      0x69e ./Src/main.o
 .debug_line    0x000000000000276f       0x84 ./Startup/startup_stm32f103c6tx.o

.debug_str      0x0000000000000000     0x92be
 .debug_str     0x0000000000000000     0x8381 ./STM32F103x6/EXTI_Program.o
                                       0x8586 (size before relaxing)
 .debug_str     0x0000000000008381      0x567 ./STM32F103x6/GPIO_Program.o
                                       0x8630 (size before relaxing)
 .debug_str     0x00000000000088e8      0x15d ./STM32F103x6/RCC_Program.o
                                       0x81a2 (size before relaxing)
 .debug_str     0x0000000000008a45      0x7f5 ./STM32F103x6/USART_Program.o
                                       0x8a2f (size before relaxing)
 .debug_str     0x000000000000923a       0x55 ./Src/main.o
                                       0x8a80 (size before relaxing)
 .debug_str     0x000000000000928f       0x2f ./Startup/startup_stm32f103c6tx.o
                                         0x54 (size before relaxing)

.debug_frame    0x0000000000000000      0x598
 .debug_frame   0x0000000000000000      0x1f8 ./STM32F103x6/EXTI_Program.o
 .debug_frame   0x00000000000001f8      0x1a0 ./STM32F103x6/GPIO_Program.o
 .debug_frame   0x0000000000000398       0x84 ./STM32F103x6/RCC_Program.o
 .debug_frame   0x000000000000041c       0xd8 ./STM32F103x6/USART_Program.o
 .debug_frame   0x00000000000004f4       0x78 ./Src/main.o
 .debug_frame   0x000000000000056c       0x2c C:/ST/STM32CubeIDE_1.13.1/STM32CubeIDE/plugins/com.st.stm32cube.ide.mcu.externaltools.gnu-tools-for-stm32.11.3.rel1.win32_1.1.0.202305231506/tools/bin/../lib/gcc/arm-none-eabi/11.3.1/../../../../arm-none-eabi/lib/thumb/v7-m/nofp\libc_nano.a(libc_a-init.o)
