../STM32_F103C6_Drivers/MCAL/EXTI_Program.c:23:9:EXTI_Init	24	static
../STM32_F103C6_Drivers/MCAL/EXTI_Program.c:60:9:EXTI_Enable	24	static
../STM32_F103C6_Drivers/MCAL/EXTI_Program.c:75:9:EXTI_Disable	24	static
../STM32_F103C6_Drivers/MCAL/EXTI_Program.c:91:9:EXTI_ClearPendingFlag	24	static
../STM32_F103C6_Drivers/MCAL/EXTI_Program.c:109:9:EXTI_ReadPendingFlag	24	static
../STM32_F103C6_Drivers/MCAL/EXTI_Program.c:132:9:SoftwareInterruptEvent	24	static
../STM32_F103C6_Drivers/MCAL/EXTI_Program.c:154:9:EXTI_SetTriggerSRC	24	static
../STM32_F103C6_Drivers/MCAL/EXTI_Program.c:185:9:EXTI_u8SetCallBack	24	static
../STM32_F103C6_Drivers/MCAL/EXTI_Program.c:202:6:EXTI0_IRQHandler	8	static
../STM32_F103C6_Drivers/MCAL/EXTI_Program.c:211:6:EXTI1_IRQHandler	8	static
../STM32_F103C6_Drivers/MCAL/EXTI_Program.c:219:6:EXTI2_IRQHandler	8	static
../STM32_F103C6_Drivers/MCAL/EXTI_Program.c:228:6:EXTI3_IRQHandler	8	static
../STM32_F103C6_Drivers/MCAL/EXTI_Program.c:237:6:EXTI9_5_IRQHandler	8	static
../STM32_F103C6_Drivers/MCAL/EXTI_Program.c:282:6:EXTI15_10_IRQHandler	8	static
