Archive member included to satisfy reference by file (symbol)

c:/st/stm32cubeide_1.10.1/stm32cubeide/plugins/com.st.stm32cube.ide.mcu.externaltools.gnu-tools-for-stm32.10.3-2021.10.win32_1.0.200.202301161003/tools/bin/../lib/gcc/arm-none-eabi/10.3.1/../../../../arm-none-eabi/lib/thumb/v7-m/nofp\libc_nano.a(lib_a-errno.o)
                              ./Src/syscalls.o (__errno)
c:/st/stm32cubeide_1.10.1/stm32cubeide/plugins/com.st.stm32cube.ide.mcu.externaltools.gnu-tools-for-stm32.10.3-2021.10.win32_1.0.200.202301161003/tools/bin/../lib/gcc/arm-none-eabi/10.3.1/../../../../arm-none-eabi/lib/thumb/v7-m/nofp\libc_nano.a(lib_a-exit.o)
                              c:/st/stm32cubeide_1.10.1/stm32cubeide/plugins/com.st.stm32cube.ide.mcu.externaltools.gnu-tools-for-stm32.10.3-2021.10.win32_1.0.200.202301161003/tools/bin/../lib/gcc/arm-none-eabi/10.3.1/../../../../arm-none-eabi/lib/thumb/v7-m/nofp/crt0.o (exit)
c:/st/stm32cubeide_1.10.1/stm32cubeide/plugins/com.st.stm32cube.ide.mcu.externaltools.gnu-tools-for-stm32.10.3-2021.10.win32_1.0.200.202301161003/tools/bin/../lib/gcc/arm-none-eabi/10.3.1/../../../../arm-none-eabi/lib/thumb/v7-m/nofp\libc_nano.a(lib_a-impure.o)
                              c:/st/stm32cubeide_1.10.1/stm32cubeide/plugins/com.st.stm32cube.ide.mcu.externaltools.gnu-tools-for-stm32.10.3-2021.10.win32_1.0.200.202301161003/tools/bin/../lib/gcc/arm-none-eabi/10.3.1/../../../../arm-none-eabi/lib/thumb/v7-m/nofp\libc_nano.a(lib_a-exit.o) (_global_impure_ptr)
c:/st/stm32cubeide_1.10.1/stm32cubeide/plugins/com.st.stm32cube.ide.mcu.externaltools.gnu-tools-for-stm32.10.3-2021.10.win32_1.0.200.202301161003/tools/bin/../lib/gcc/arm-none-eabi/10.3.1/../../../../arm-none-eabi/lib/thumb/v7-m/nofp\libc_nano.a(lib_a-init.o)
                              c:/st/stm32cubeide_1.10.1/stm32cubeide/plugins/com.st.stm32cube.ide.mcu.externaltools.gnu-tools-for-stm32.10.3-2021.10.win32_1.0.200.202301161003/tools/bin/../lib/gcc/arm-none-eabi/10.3.1/../../../../arm-none-eabi/lib/thumb/v7-m/nofp/crt0.o (__libc_init_array)
c:/st/stm32cubeide_1.10.1/stm32cubeide/plugins/com.st.stm32cube.ide.mcu.externaltools.gnu-tools-for-stm32.10.3-2021.10.win32_1.0.200.202301161003/tools/bin/../lib/gcc/arm-none-eabi/10.3.1/../../../../arm-none-eabi/lib/thumb/v7-m/nofp\libc_nano.a(lib_a-memset.o)
                              c:/st/stm32cubeide_1.10.1/stm32cubeide/plugins/com.st.stm32cube.ide.mcu.externaltools.gnu-tools-for-stm32.10.3-2021.10.win32_1.0.200.202301161003/tools/bin/../lib/gcc/arm-none-eabi/10.3.1/../../../../arm-none-eabi/lib/thumb/v7-m/nofp/crt0.o (memset)

Discarded input sections

 .text          0x0000000000000000        0x0 c:/st/stm32cubeide_1.10.1/stm32cubeide/plugins/com.st.stm32cube.ide.mcu.externaltools.gnu-tools-for-stm32.10.3-2021.10.win32_1.0.200.202301161003/tools/bin/../lib/gcc/arm-none-eabi/10.3.1/thumb/v7-m/nofp/crti.o
 .data          0x0000000000000000        0x0 c:/st/stm32cubeide_1.10.1/stm32cubeide/plugins/com.st.stm32cube.ide.mcu.externaltools.gnu-tools-for-stm32.10.3-2021.10.win32_1.0.200.202301161003/tools/bin/../lib/gcc/arm-none-eabi/10.3.1/thumb/v7-m/nofp/crti.o
 .bss           0x0000000000000000        0x0 c:/st/stm32cubeide_1.10.1/stm32cubeide/plugins/com.st.stm32cube.ide.mcu.externaltools.gnu-tools-for-stm32.10.3-2021.10.win32_1.0.200.202301161003/tools/bin/../lib/gcc/arm-none-eabi/10.3.1/thumb/v7-m/nofp/crti.o
 .data          0x0000000000000000        0x4 c:/st/stm32cubeide_1.10.1/stm32cubeide/plugins/com.st.stm32cube.ide.mcu.externaltools.gnu-tools-for-stm32.10.3-2021.10.win32_1.0.200.202301161003/tools/bin/../lib/gcc/arm-none-eabi/10.3.1/thumb/v7-m/nofp/crtbegin.o
 .rodata        0x0000000000000000       0x24 c:/st/stm32cubeide_1.10.1/stm32cubeide/plugins/com.st.stm32cube.ide.mcu.externaltools.gnu-tools-for-stm32.10.3-2021.10.win32_1.0.200.202301161003/tools/bin/../lib/gcc/arm-none-eabi/10.3.1/thumb/v7-m/nofp/crtbegin.o
 .text          0x0000000000000000       0x7c c:/st/stm32cubeide_1.10.1/stm32cubeide/plugins/com.st.stm32cube.ide.mcu.externaltools.gnu-tools-for-stm32.10.3-2021.10.win32_1.0.200.202301161003/tools/bin/../lib/gcc/arm-none-eabi/10.3.1/../../../../arm-none-eabi/lib/thumb/v7-m/nofp/crt0.o
 .data          0x0000000000000000        0x0 c:/st/stm32cubeide_1.10.1/stm32cubeide/plugins/com.st.stm32cube.ide.mcu.externaltools.gnu-tools-for-stm32.10.3-2021.10.win32_1.0.200.202301161003/tools/bin/../lib/gcc/arm-none-eabi/10.3.1/../../../../arm-none-eabi/lib/thumb/v7-m/nofp/crt0.o
 .bss           0x0000000000000000        0x0 c:/st/stm32cubeide_1.10.1/stm32cubeide/plugins/com.st.stm32cube.ide.mcu.externaltools.gnu-tools-for-stm32.10.3-2021.10.win32_1.0.200.202301161003/tools/bin/../lib/gcc/arm-none-eabi/10.3.1/../../../../arm-none-eabi/lib/thumb/v7-m/nofp/crt0.o
[...]
Memory Configuration

Name             Origin             Length             Attributes
RAM              0x0000000020000000 0x0000000000002800 xrw
FLASH            0x0000000008000000 0x0000000000008000 xr
*default*        0x0000000000000000 0xffffffffffffffff

Linker script and memory map

LOAD c:/st/stm32cubeide_1.10.1/stm32cubeide/plugins/com.st.stm32cube.ide.mcu.externaltools.gnu-tools-for-stm32.10.3-2021.10.win32_1.0.200.202301161003/tools/bin/../lib/gcc/arm-none-eabi/10.3.1/thumb/v7-m/nofp/crti.o
LOAD c:/st/stm32cubeide_1.10.1/stm32cubeide/plugins/com.st.stm32cube.ide.mcu.externaltools.gnu-tools-for-stm32.10.3-2021.10.win32_1.0.200.202301161003/tools/bin/../lib/gcc/arm-none-eabi/10.3.1/thumb/v7-m/nofp/crtbegin.o
LOAD c:/st/stm32cubeide_1.10.1/stm32cubeide/plugins/com.st.stm32cube.ide.mcu.externaltools.gnu-tools-for-stm32.10.3-2021.10.win32_1.0.200.202301161003/tools/bin/../lib/gcc/arm-none-eabi/10.3.1/../../../../arm-none-eabi/lib/thumb/v7-m/nofp/crt0.o
LOAD ./STM32_F103C6_Drivers/HAL/CLCD_prog.o
LOAD ./STM32_F103C6_Drivers/HAL/KPD_prog.o
LOAD ./STM32_F103C6_Drivers/MCAL/AFIO_Program.o
LOAD ./STM32_F103C6_Drivers/MCAL/EXTI_Program.o
LOAD ./STM32_F103C6_Drivers/MCAL/GPIO_Program.o
LOAD ./STM32_F103C6_Drivers/MCAL/NVIC_Program.o
LOAD ./STM32_F103C6_Drivers/MCAL/STK_program.o
LOAD ./Src/main.o
LOAD ./Src/syscalls.o
LOAD ./Src/sysmem.o
LOAD ./Startup/startup_stm32f103c6tx.o
START GROUP
LOAD c:/st/stm32cubeide_1.10.1/stm32cubeide/plugins/com.st.stm32cube.ide.mcu.externaltools.gnu-tools-for-stm32.10.3-2021.10.win32_1.0.200.202301161003/tools/bin/../lib/gcc/arm-none-eabi/10.3.1/../../../../arm-none-eabi/lib/thumb/v7-m/nofp\libc_nano.a
LOAD c:/st/stm32cubeide_1.10.1/stm32cubeide/plugins/com.st.stm32cube.ide.mcu.externaltools.gnu-tools-for-stm32.10.3-2021.10.win32_1.0.200.202301161003/tools/bin/../lib/gcc/arm-none-eabi/10.3.1/../../../../arm-none-eabi/lib/thumb/v7-m/nofp\libm.a
END GROUP
START GROUP
LOAD c:/st/stm32cubeide_1.10.1/stm32cubeide/plugins/com.st.stm32cube.ide.mcu.externaltools.gnu-tools-for-stm32.10.3-2021.10.win32_1.0.200.202301161003/tools/bin/../lib/gcc/arm-none-eabi/10.3.1/thumb/v7-m/nofp\libgcc.a
LOAD c:/st/stm32cubeide_1.10.1/stm32cubeide/plugins/com.st.stm32cube.ide.mcu.externaltools.gnu-tools-for-stm32.10.3-2021.10.win32_1.0.200.202301161003/tools/bin/../lib/gcc/arm-none-eabi/10.3.1/../../../../arm-none-eabi/lib/thumb/v7-m/nofp\libg_nano.a
LOAD c:/st/stm32cubeide_1.10.1/stm32cubeide/plugins/com.st.stm32cube.ide.mcu.externaltools.gnu-tools-for-stm32.10.3-2021.10.win32_1.0.200.202301161003/tools/bin/../lib/gcc/arm-none-eabi/10.3.1/../../../../arm-none-eabi/lib/thumb/v7-m/nofp\libc_nano.a
END GROUP
START GROUP
LOAD c:/st/stm32cubeide_1.10.1/stm32cubeide/plugins/com.st.stm32cube.ide.mcu.externaltools.gnu-tools-for-stm32.10.3-2021.10.win32_1.0.200.202301161003/tools/bin/../lib/gcc/arm-none-eabi/10.3.1/thumb/v7-m/nofp\libgcc.a
LOAD c:/st/stm32cubeide_1.10.1/stm32cubeide/plugins/com.st.stm32cube.ide.mcu.externaltools.gnu-tools-for-stm32.10.3-2021.10.win32_1.0.200.202301161003/tools/bin/../lib/gcc/arm-none-eabi/10.3.1/../../../../arm-none-eabi/lib/thumb/v7-m/nofp\libc_nano.a
LOAD c:/st/stm32cubeide_1.10.1/stm32cubeide/plugins/com.st.stm32cube.ide.mcu.externaltools.gnu-tools-for-stm32.10.3-2021.10.win32_1.0.200.202301161003/tools/bin/../lib/gcc/arm-none-eabi/10.3.1/../../../../arm-none-eabi/lib/thumb/v7-m/nofp\libnosys.a
END GROUP
START GROUP
LOAD c:/st/stm32cubeide_1.10.1/stm32cubeide/plugins/com.st.stm32cube.ide.mcu.externaltools.gnu-tools-for-stm32.10.3-2021.10.win32_1.0.200.202301161003/tools/bin/../lib/gcc/arm-none-eabi/10.3.1/thumb/v7-m/nofp\libgcc.a
LOAD c:/st/stm32cubeide_1.10.1/stm32cubeide/plugins/com.st.stm32cube.ide.mcu.externaltools.gnu-tools-for-stm32.10.3-2021.10.win32_1.0.200.202301161003/tools/bin/../lib/gcc/arm-none-eabi/10.3.1/../../../../arm-none-eabi/lib/thumb/v7-m/nofp\libc_nano.a
LOAD c:/st/stm32cubeide_1.10.1/stm32cubeide/plugins/com.st.stm32cube.ide.mcu.externaltools.gnu-tools-for-stm32.10.3-2021.10.win32_1.0.200.202301161003/tools/bin/../lib/gcc/arm-none-eabi/10.3.1/../../../../arm-none-eabi/lib/thumb/v7-m/nofp\libnosys.a
END GROUP
LOAD c:/st/stm32cubeide_1.10.1/stm32cubeide/plugins/com.st.stm32cube.ide.mcu.externaltools.gnu-tools-for-stm32.10.3-2021.10.win32_1.0.200.202301161003/tools/bin/../lib/gcc/arm-none-eabi/10.3.1/thumb/v7-m/nofp/crtend.o
LOAD c:/st/stm32cubeide_1.10.1/stm32cubeide/plugins/com.st.stm32cube.ide.mcu.externaltools.gnu-tools-for-stm32.10.3-2021.10.win32_1.0.200.202301161003/tools/bin/../lib/gcc/arm-none-eabi/10.3.1/thumb/v7-m/nofp/crtn.o
                0x0000000020002800                _estack = (ORIGIN (RAM) + LENGTH (RAM))
                0x0000000000000200                _Min_Heap_Size = 0x200
                0x0000000000000400                _Min_Stack_Size = 0x400

.isr_vector     0x0000000008000000      0x130
                0x0000000008000000                . = ALIGN (0x4)
 *(.isr_vector)
 .isr_vector    0x0000000008000000      0x130 ./Startup/startup_stm32f103c6tx.o
                0x0000000008000000                g_pfnVectors
                0x0000000008000130                . = ALIGN (0x4)

.text           0x0000000008000130      0xc14
                0x0000000008000130                . = ALIGN (0x4)
 *(.text)
 .text          0x0000000008000130       0x40 c:/st/stm32cubeide_1.10.1/stm32cubeide/plugins/com.st.stm32cube.ide.mcu.externaltools.gnu-tools-for-stm32.10.3-2021.10.win32_1.0.200.202301161003/tools/bin/../lib/gcc/arm-none-eabi/10.3.1/thumb/v7-m/nofp/crtbegin.o
 *(.text*)
 .text.SendEnablePulse
                0x0000000008000170       0x22 ./STM32_F103C6_Drivers/HAL/CLCD_prog.o
 .text.SetHalfDataPins
                0x0000000008000192       0x6a ./STM32_F103C6_Drivers/HAL/CLCD_prog.o
 .text.CLCD_voidSendCommand
                0x00000000080001fc       0x3a ./STM32_F103C6_Drivers/HAL/CLCD_prog.o
                0x00000000080001fc                CLCD_voidSendCommand
 .text.CLCD_voidSendData
                0x0000000008000236       0x3a ./STM32_F103C6_Drivers/HAL/CLCD_prog.o
                0x0000000008000236                CLCD_voidSendData
 .text.CLCD_voidInit
                0x0000000008000270       0x2c ./STM32_F103C6_Drivers/HAL/CLCD_prog.o
                0x0000000008000270                CLCD_voidInit
 .text.CLCD_voidSendString
                0x000000000800029c       0x46 ./STM32_F103C6_Drivers/HAL/CLCD_prog.o
                0x000000000800029c                CLCD_voidSendString
 .text.CLCD_voidGoToXY
                0x00000000080002e2       0x40 ./STM32_F103C6_Drivers/HAL/CLCD_prog.o
                0x00000000080002e2                CLCD_voidGoToXY
 *fill*         0x0000000008000322        0x2 
 .text.AFIO_voidSelectEXTIPort
                0x0000000008000324       0x8c ./STM32_F103C6_Drivers/MCAL/AFIO_Program.o
                0x0000000008000324                AFIO_voidSelectEXTIPort
 .text.EXTI_Init
                0x00000000080003b0      0x108 ./STM32_F103C6_Drivers/MCAL/EXTI_Program.o
                0x00000000080003b0                EXTI_Init
 .text.EXTI_u8SetCallBack
                0x00000000080004b8       0x38 ./STM32_F103C6_Drivers/MCAL/EXTI_Program.o
                0x00000000080004b8                EXTI_u8SetCallBack
 .text.EXTI0_IRQHandler
                0x00000000080004f0       0x24 ./STM32_F103C6_Drivers/MCAL/EXTI_Program.o
                0x00000000080004f0                EXTI0_IRQHandler
 .text.EXTI1_IRQHandler
                0x0000000008000514       0x24 ./STM32_F103C6_Drivers/MCAL/EXTI_Program.o
                0x0000000008000514                EXTI1_IRQHandler
 .text.EXTI2_IRQHandler
                0x0000000008000538       0x24 ./STM32_F103C6_Drivers/MCAL/EXTI_Program.o
                0x0000000008000538                EXTI2_IRQHandler
 .text.EXTI3_IRQHandler
                0x000000000800055c       0x24 ./STM32_F103C6_Drivers/MCAL/EXTI_Program.o
                0x000000000800055c                EXTI3_IRQHandler
 .text.EXTI9_5_IRQHandler
                0x0000000008000580       0xb0 ./STM32_F103C6_Drivers/MCAL/EXTI_Program.o
                0x0000000008000580                EXTI9_5_IRQHandler
 .text.EXTI15_10_IRQHandler
                0x0000000008000630       0xd0 ./STM32_F103C6_Drivers/MCAL/EXTI_Program.o
                0x0000000008000630                EXTI15_10_IRQHandler
 .text.GET_CRLH_Position
                0x0000000008000700      0x19c ./STM32_F103C6_Drivers/MCAL/GPIO_Program.o
 .text.GPIO_u8PinInit
                0x000000000800089c      0x164 ./STM32_F103C6_Drivers/MCAL/GPIO_Program.o
                0x000000000800089c                GPIO_u8PinInit
 .text.GPIO_u8SetPinValue
                0x0000000008000a00       0x54 ./STM32_F103C6_Drivers/MCAL/GPIO_Program.o
                0x0000000008000a00                GPIO_u8SetPinValue
 .text.NVICEnable
                0x0000000008000a54       0x48 ./STM32_F103C6_Drivers/MCAL/NVIC_Program.o
                0x0000000008000a54                NVICEnable
 .text.STK_voidDelayMilleSec
                0x0000000008000a9c       0x6c ./STM32_F103C6_Drivers/MCAL/STK_program.o
                0x0000000008000a9c                STK_voidDelayMilleSec
 .text.main     0x0000000008000b08       0x34 ./Src/main.o
                0x0000000008000b08                main
 .text.ClockEnable
                0x0000000008000b3c       0x34 ./Src/main.o
                0x0000000008000b3c                ClockEnable
 .text.GPIOInit
                0x0000000008000b70       0xac ./Src/main.o
                0x0000000008000b70                GPIOInit
 .text.EXTIConfig
                0x0000000008000c1c       0x44 ./Src/main.o
                0x0000000008000c1c                EXTIConfig
 .text.HandlerPA0
                0x0000000008000c60       0x20 ./Src/main.o
                0x0000000008000c60                HandlerPA0
 .text.Reset_Handler
                0x0000000008000c80       0x50 ./Startup/startup_stm32f103c6tx.o
                0x0000000008000c80                Reset_Handler
 .text.Default_Handler
                0x0000000008000cd0        0x2 ./Startup/startup_stm32f103c6tx.o
                0x0000000008000cd0                TIM8_TRG_COM_IRQHandler
                0x0000000008000cd0                TIM8_CC_IRQHandler
                0x0000000008000cd0                DebugMon_Handler
                0x0000000008000cd0                TIM1_CC_IRQHandler
                0x0000000008000cd0                HardFault_Handler
                0x0000000008000cd0                TIM6_IRQHandler
                0x0000000008000cd0                SysTick_Handler
                0x0000000008000cd0                PVD_IRQHandler
                0x0000000008000cd0                SDIO_IRQHandler
                0x0000000008000cd0                PendSV_Handler
                0x0000000008000cd0                NMI_Handler
                0x0000000008000cd0                USB_HP_CAN_TX_IRQHandler
                0x0000000008000cd0                I2C2_EV_IRQHandler
                0x0000000008000cd0                UsageFault_Handler
                0x0000000008000cd0                ADC1_2_IRQHandler
                0x0000000008000cd0                SPI1_IRQHandler
                0x0000000008000cd0                CAN_SCE_IRQHandler
                0x0000000008000cd0                TAMPER_IRQHandler
                0x0000000008000cd0                TIM8_UP_IRQHandler
                0x0000000008000cd0                DMA2_Channel2_IRQHandler
                0x0000000008000cd0                DMA1_Channel4_IRQHandler
                0x0000000008000cd0                USART3_IRQHandler
                0x0000000008000cd0                RTC_IRQHandler
                0x0000000008000cd0                DMA1_Channel7_IRQHandler
                0x0000000008000cd0                UART5_IRQHandler
                0x0000000008000cd0                ADC3_IRQHandler
                0x0000000008000cd0                TIM4_IRQHandler
                0x0000000008000cd0                CAN_RX1_IRQHandler
                0x0000000008000cd0                DMA2_Channel1_IRQHandler
                0x0000000008000cd0                I2C1_EV_IRQHandler
                0x0000000008000cd0                DMA1_Channel6_IRQHandler
                0x0000000008000cd0                UART4_IRQHandler
                0x0000000008000cd0                TIM3_IRQHandler
                0x0000000008000cd0                RCC_IRQHandler
                0x0000000008000cd0                TIM1_TRG_COM_IRQHandler
                0x0000000008000cd0                DMA1_Channel1_IRQHandler
                0x0000000008000cd0                Default_Handler
                0x0000000008000cd0                TIM7_IRQHandler
                0x0000000008000cd0                TIM5_IRQHandler
                0x0000000008000cd0                SPI2_IRQHandler
                0x0000000008000cd0                USB_LP_CAN_RX0_IRQHandler
                0x0000000008000cd0                MemManage_Handler
                0x0000000008000cd0                SVC_Handler
                0x0000000008000cd0                DMA1_Channel5_IRQHandler
                0x0000000008000cd0                EXTI4_IRQHandler
                0x0000000008000cd0                DMA1_Channel3_IRQHandler
                0x0000000008000cd0                FSMC_IRQHandler
                0x0000000008000cd0                TIM1_UP_IRQHandler
                0x0000000008000cd0                WWDG_IRQHandler
                0x0000000008000cd0                TIM2_IRQHandler
                0x0000000008000cd0                TIM1_BRK_IRQHandler
                0x0000000008000cd0                RTCAlarm_IRQHandler
                0x0000000008000cd0                DMA2_Channel4_5_IRQHandler
                0x0000000008000cd0                USART2_IRQHandler
                0x0000000008000cd0                I2C2_ER_IRQHandler
                0x0000000008000cd0                DMA1_Channel2_IRQHandler
                0x0000000008000cd0                TIM8_BRK_IRQHandler
                0x0000000008000cd0                FLASH_IRQHandler
                0x0000000008000cd0                BusFault_Handler
                0x0000000008000cd0                USART1_IRQHandler
                0x0000000008000cd0                SPI3_IRQHandler
                0x0000000008000cd0                I2C1_ER_IRQHandler
                0x0000000008000cd0                DMA2_Channel3_IRQHandler
 *fill*         0x0000000008000cd2        0x2 
 .text.__libc_init_array
                0x0000000008000cd4       0x48 c:/st/stm32cubeide_1.10.1/stm32cubeide/plugins/com.st.stm32cube.ide.mcu.externaltools.gnu-tools-for-stm32.10.3-2021.10.win32_1.0.200.202301161003/tools/bin/../lib/gcc/arm-none-eabi/10.3.1/../../../../arm-none-eabi/lib/thumb/v7-m/nofp\libc_nano.a(lib_a-init.o)
                0x0000000008000cd4                __libc_init_array
 .text.memset   0x0000000008000d1c       0x10 c:/st/stm32cubeide_1.10.1/stm32cubeide/plugins/com.st.stm32cube.ide.mcu.externaltools.gnu-tools-for-stm32.10.3-2021.10.win32_1.0.200.202301161003/tools/bin/../lib/gcc/arm-none-eabi/10.3.1/../../../../arm-none-eabi/lib/thumb/v7-m/nofp\libc_nano.a(lib_a-memset.o)
                0x0000000008000d1c                memset
 *(.glue_7)
 .glue_7        0x0000000008000d2c        0x0 linker stubs
 *(.glue_7t)
 .glue_7t       0x0000000008000d2c        0x0 linker stubs
 *(.eh_frame)
 .eh_frame      0x0000000008000d2c        0x0 c:/st/stm32cubeide_1.10.1/stm32cubeide/plugins/com.st.stm32cube.ide.mcu.externaltools.gnu-tools-for-stm32.10.3-2021.10.win32_1.0.200.202301161003/tools/bin/../lib/gcc/arm-none-eabi/10.3.1/thumb/v7-m/nofp/crtbegin.o
 *(.init)
 .init          0x0000000008000d2c        0x4 c:/st/stm32cubeide_1.10.1/stm32cubeide/plugins/com.st.stm32cube.ide.mcu.externaltools.gnu-tools-for-stm32.10.3-2021.10.win32_1.0.200.202301161003/tools/bin/../lib/gcc/arm-none-eabi/10.3.1/thumb/v7-m/nofp/crti.o
                0x0000000008000d2c                _init
 .init          0x0000000008000d30        0x8 c:/st/stm32cubeide_1.10.1/stm32cubeide/plugins/com.st.stm32cube.ide.mcu.externaltools.gnu-tools-for-stm32.10.3-2021.10.win32_1.0.200.202301161003/tools/bin/../lib/gcc/arm-none-eabi/10.3.1/thumb/v7-m/nofp/crtn.o
 *(.fini)
 .fini          0x0000000008000d38        0x4 c:/st/stm32cubeide_1.10.1/stm32cubeide/plugins/com.st.stm32cube.ide.mcu.externaltools.gnu-tools-for-stm32.10.3-2021.10.win32_1.0.200.202301161003/tools/bin/../lib/gcc/arm-none-eabi/10.3.1/thumb/v7-m/nofp/crti.o
                0x0000000008000d38                _fini
 .fini          0x0000000008000d3c        0x8 c:/st/stm32cubeide_1.10.1/stm32cubeide/plugins/com.st.stm32cube.ide.mcu.externaltools.gnu-tools-for-stm32.10.3-2021.10.win32_1.0.200.202301161003/tools/bin/../lib/gcc/arm-none-eabi/10.3.1/thumb/v7-m/nofp/crtn.o
                0x0000000008000d44                . = ALIGN (0x4)
                0x0000000008000d44                _etext = .

.vfp11_veneer   0x0000000008000d44        0x0
 .vfp11_veneer  0x0000000008000d44        0x0 linker stubs

.v4_bx          0x0000000008000d44        0x0
 .v4_bx         0x0000000008000d44        0x0 linker stubs

.iplt           0x0000000008000d44        0x0
 .iplt          0x0000000008000d44        0x0 c:/st/stm32cubeide_1.10.1/stm32cubeide/plugins/com.st.stm32cube.ide.mcu.externaltools.gnu-tools-for-stm32.10.3-2021.10.win32_1.0.200.202301161003/tools/bin/../lib/gcc/arm-none-eabi/10.3.1/thumb/v7-m/nofp/crtbegin.o

.rodata         0x0000000008000d44       0x20
                0x0000000008000d44                . = ALIGN (0x4)
 *(.rodata)
 .rodata        0x0000000008000d44       0x1d ./Src/main.o
 *(.rodata*)
                0x0000000008000d64                . = ALIGN (0x4)
 *fill*         0x0000000008000d61        0x3 

.rel.dyn        0x0000000008000d64        0x0
 .rel.iplt      0x0000000008000d64        0x0 c:/st/stm32cubeide_1.10.1/stm32cubeide/plugins/com.st.stm32cube.ide.mcu.externaltools.gnu-tools-for-stm32.10.3-2021.10.win32_1.0.200.202301161003/tools/bin/../lib/gcc/arm-none-eabi/10.3.1/thumb/v7-m/nofp/crtbegin.o

.ARM.extab      0x0000000008000d64        0x0
                0x0000000008000d64                . = ALIGN (0x4)
 *(.ARM.extab* .gnu.linkonce.armextab.*)
                0x0000000008000d64                . = ALIGN (0x4)

.ARM            0x0000000008000d64        0x0
                0x0000000008000d64                . = ALIGN (0x4)
                0x0000000008000d64                __exidx_start = .
 *(.ARM.exidx*)
                0x0000000008000d64                __exidx_end = .
                0x0000000008000d64                . = ALIGN (0x4)

.preinit_array  0x0000000008000d64        0x0
                0x0000000008000d64                . = ALIGN (0x4)
                0x0000000008000d64                PROVIDE (__preinit_array_start = .)
 *(.preinit_array*)
                0x0000000008000d64                PROVIDE (__preinit_array_end = .)
                0x0000000008000d64                . = ALIGN (0x4)

.init_array     0x0000000008000d64        0x4
                0x0000000008000d64                . = ALIGN (0x4)
                0x0000000008000d64                PROVIDE (__init_array_start = .)
 *(SORT_BY_NAME(.init_array.*))
 *(.init_array*)
 .init_array    0x0000000008000d64        0x4 c:/st/stm32cubeide_1.10.1/stm32cubeide/plugins/com.st.stm32cube.ide.mcu.externaltools.gnu-tools-for-stm32.10.3-2021.10.win32_1.0.200.202301161003/tools/bin/../lib/gcc/arm-none-eabi/10.3.1/thumb/v7-m/nofp/crtbegin.o
                0x0000000008000d68                PROVIDE (__init_array_end = .)
                0x0000000008000d68                . = ALIGN (0x4)

.fini_array     0x0000000008000d68        0x4
                0x0000000008000d68                . = ALIGN (0x4)
                [!provide]                        PROVIDE (__fini_array_start = .)
 *(SORT_BY_NAME(.fini_array.*))
 *(.fini_array*)
 .fini_array    0x0000000008000d68        0x4 c:/st/stm32cubeide_1.10.1/stm32cubeide/plugins/com.st.stm32cube.ide.mcu.externaltools.gnu-tools-for-stm32.10.3-2021.10.win32_1.0.200.202301161003/tools/bin/../lib/gcc/arm-none-eabi/10.3.1/thumb/v7-m/nofp/crtbegin.o
                [!provide]                        PROVIDE (__fini_array_end = .)
                0x0000000008000d6c                . = ALIGN (0x4)
                0x0000000008000d6c                _sidata = LOADADDR (.data)

.data           0x0000000020000000       0x1c load address 0x0000000008000d6c
                0x0000000020000000                . = ALIGN (0x4)
                0x0000000020000000                _sdata = .
 *(.data)
 *(.data*)
 .data.GPIOPORT
                0x0000000020000000       0x1c ./STM32_F103C6_Drivers/MCAL/GPIO_Program.o
 *(.RamFunc)
 *(.RamFunc*)
                0x000000002000001c                . = ALIGN (0x4)
                0x000000002000001c                _edata = .

.igot.plt       0x000000002000001c        0x0 load address 0x0000000008000d88
 .igot.plt      0x000000002000001c        0x0 c:/st/stm32cubeide_1.10.1/stm32cubeide/plugins/com.st.stm32cube.ide.mcu.externaltools.gnu-tools-for-stm32.10.3-2021.10.win32_1.0.200.202301161003/tools/bin/../lib/gcc/arm-none-eabi/10.3.1/thumb/v7-m/nofp/crtbegin.o
                0x000000002000001c                . = ALIGN (0x4)

.bss            0x000000002000001c       0x5c load address 0x0000000008000d88
                0x000000002000001c                _sbss = .
                0x000000002000001c                __bss_start__ = _sbss
 *(.bss)
 .bss           0x000000002000001c       0x1c c:/st/stm32cubeide_1.10.1/stm32cubeide/plugins/com.st.stm32cube.ide.mcu.externaltools.gnu-tools-for-stm32.10.3-2021.10.win32_1.0.200.202301161003/tools/bin/../lib/gcc/arm-none-eabi/10.3.1/thumb/v7-m/nofp/crtbegin.o
 *(.bss*)
 .bss.EXTI_pvCallBackFunc
                0x0000000020000038       0x40 ./STM32_F103C6_Drivers/MCAL/EXTI_Program.o
 *(COMMON)
                0x0000000020000078                . = ALIGN (0x4)
                0x0000000020000078                _ebss = .
                0x0000000020000078                __bss_end__ = _ebss

._user_heap_stack
                0x0000000020000078      0x600 load address 0x0000000008000d88
                0x0000000020000078                . = ALIGN (0x8)
                [!provide]                        PROVIDE (end = .)
                0x0000000020000078                PROVIDE (_end = .)
                0x0000000020000278                . = (. + _Min_Heap_Size)
 *fill*         0x0000000020000078      0x200 
                0x0000000020000678                . = (. + _Min_Stack_Size)
 *fill*         0x0000000020000278      0x400 
                0x0000000020000678                . = ALIGN (0x8)

/DISCARD/
 libc.a(*)
 libm.a(*)
 libgcc.a(*)

.ARM.attributes
                0x0000000000000000       0x29
 *(.ARM.attributes)
 .ARM.attributes
                0x0000000000000000       0x1d c:/st/stm32cubeide_1.10.1/stm32cubeide/plugins/com.st.stm32cube.ide.mcu.externaltools.gnu-tools-for-stm32.10.3-2021.10.win32_1.0.200.202301161003/tools/bin/../lib/gcc/arm-none-eabi/10.3.1/thumb/v7-m/nofp/crti.o
 .ARM.attributes
                0x000000000000001d       0x2d c:/st/stm32cubeide_1.10.1/stm32cubeide/plugins/com.st.stm32cube.ide.mcu.externaltools.gnu-tools-for-stm32.10.3-2021.10.win32_1.0.200.202301161003/tools/bin/../lib/gcc/arm-none-eabi/10.3.1/thumb/v7-m/nofp/crtbegin.o
 .ARM.attributes
                0x000000000000004a       0x2d ./STM32_F103C6_Drivers/HAL/CLCD_prog.o
 .ARM.attributes
                0x0000000000000077       0x2d ./STM32_F103C6_Drivers/MCAL/AFIO_Program.o
 .ARM.attributes
                0x00000000000000a4       0x2d ./STM32_F103C6_Drivers/MCAL/EXTI_Program.o
 .ARM.attributes
                0x00000000000000d1       0x2d ./STM32_F103C6_Drivers/MCAL/GPIO_Program.o
 .ARM.attributes
                0x00000000000000fe       0x2d ./STM32_F103C6_Drivers/MCAL/NVIC_Program.o
 .ARM.attributes
                0x000000000000012b       0x2d ./STM32_F103C6_Drivers/MCAL/STK_program.o
 .ARM.attributes
                0x0000000000000158       0x2d ./Src/main.o
 .ARM.attributes
                0x0000000000000185       0x21 ./Startup/startup_stm32f103c6tx.o
 .ARM.attributes
                0x00000000000001a6       0x2d c:/st/stm32cubeide_1.10.1/stm32cubeide/plugins/com.st.stm32cube.ide.mcu.externaltools.gnu-tools-for-stm32.10.3-2021.10.win32_1.0.200.202301161003/tools/bin/../lib/gcc/arm-none-eabi/10.3.1/../../../../arm-none-eabi/lib/thumb/v7-m/nofp\libc_nano.a(lib_a-init.o)
 .ARM.attributes
                0x00000000000001d3       0x2d c:/st/stm32cubeide_1.10.1/stm32cubeide/plugins/com.st.stm32cube.ide.mcu.externaltools.gnu-tools-for-stm32.10.3-2021.10.win32_1.0.200.202301161003/tools/bin/../lib/gcc/arm-none-eabi/10.3.1/../../../../arm-none-eabi/lib/thumb/v7-m/nofp\libc_nano.a(lib_a-memset.o)
 .ARM.attributes
                0x0000000000000200       0x1d c:/st/stm32cubeide_1.10.1/stm32cubeide/plugins/com.st.stm32cube.ide.mcu.externaltools.gnu-tools-for-stm32.10.3-2021.10.win32_1.0.200.202301161003/tools/bin/../lib/gcc/arm-none-eabi/10.3.1/thumb/v7-m/nofp/crtn.o
OUTPUT(DriveF103C6.elf elf32-littlearm)
LOAD linker stubs
LOAD c:/st/stm32cubeide_1.10.1/stm32cubeide/plugins/com.st.stm32cube.ide.mcu.externaltools.gnu-tools-for-stm32.10.3-2021.10.win32_1.0.200.202301161003/tools/bin/../lib/gcc/arm-none-eabi/10.3.1/../../../../arm-none-eabi/lib/thumb/v7-m/nofp\libc.a
LOAD c:/st/stm32cubeide_1.10.1/stm32cubeide/plugins/com.st.stm32cube.ide.mcu.externaltools.gnu-tools-for-stm32.10.3-2021.10.win32_1.0.200.202301161003/tools/bin/../lib/gcc/arm-none-eabi/10.3.1/../../../../arm-none-eabi/lib/thumb/v7-m/nofp\libm.a
LOAD c:/st/stm32cubeide_1.10.1/stm32cubeide/plugins/com.st.stm32cube.ide.mcu.externaltools.gnu-tools-for-stm32.10.3-2021.10.win32_1.0.200.202301161003/tools/bin/../lib/gcc/arm-none-eabi/10.3.1/thumb/v7-m/nofp\libgcc.a

.debug_info     0x0000000000000000     0x29e8
 .debug_info    0x0000000000000000      0x4f1 ./STM32_F103C6_Drivers/HAL/CLCD_prog.o
 .debug_info    0x00000000000004f1      0x355 ./STM32_F103C6_Drivers/MCAL/AFIO_Program.o
 .debug_info    0x0000000000000846      0x540 ./STM32_F103C6_Drivers/MCAL/EXTI_Program.o
 .debug_info    0x0000000000000d86      0x9be ./STM32_F103C6_Drivers/MCAL/GPIO_Program.o
 .debug_info    0x0000000000001744      0x5e5 ./STM32_F103C6_Drivers/MCAL/NVIC_Program.o
 .debug_info    0x0000000000001d29       0xd0 ./STM32_F103C6_Drivers/MCAL/STK_program.o
 .debug_info    0x0000000000001df9      0xbcd ./Src/main.o
 .debug_info    0x00000000000029c6       0x22 ./Startup/startup_stm32f103c6tx.o

.debug_abbrev   0x0000000000000000      0x93e
 .debug_abbrev  0x0000000000000000      0x14e ./STM32_F103C6_Drivers/HAL/CLCD_prog.o
 .debug_abbrev  0x000000000000014e      0x131 ./STM32_F103C6_Drivers/MCAL/AFIO_Program.o
 .debug_abbrev  0x000000000000027f      0x135 ./STM32_F103C6_Drivers/MCAL/EXTI_Program.o
 .debug_abbrev  0x00000000000003b4      0x1f4 ./STM32_F103C6_Drivers/MCAL/GPIO_Program.o
 .debug_abbrev  0x00000000000005a8      0x11a ./STM32_F103C6_Drivers/MCAL/NVIC_Program.o
 .debug_abbrev  0x00000000000006c2       0x7a ./STM32_F103C6_Drivers/MCAL/STK_program.o
 .debug_abbrev  0x000000000000073c      0x1f0 ./Src/main.o
 .debug_abbrev  0x000000000000092c       0x12 ./Startup/startup_stm32f103c6tx.o

.debug_loc      0x0000000000000000      0xec6
 .debug_loc     0x0000000000000000      0x328 ./STM32_F103C6_Drivers/HAL/CLCD_prog.o
 .debug_loc     0x0000000000000328       0x5c ./STM32_F103C6_Drivers/MCAL/AFIO_Program.o
 .debug_loc     0x0000000000000384      0x3e8 ./STM32_F103C6_Drivers/MCAL/EXTI_Program.o
 .debug_loc     0x000000000000076c      0x38c ./STM32_F103C6_Drivers/MCAL/GPIO_Program.o
 .debug_loc     0x0000000000000af8      0x228 ./STM32_F103C6_Drivers/MCAL/NVIC_Program.o
 .debug_loc     0x0000000000000d20       0x5c ./STM32_F103C6_Drivers/MCAL/STK_program.o
 .debug_loc     0x0000000000000d7c      0x14a ./Src/main.o

.debug_aranges  0x0000000000000000      0x250
 .debug_aranges
                0x0000000000000000       0x70 ./STM32_F103C6_Drivers/HAL/CLCD_prog.o
 .debug_aranges
                0x0000000000000070       0x20 ./STM32_F103C6_Drivers/MCAL/AFIO_Program.o
 .debug_aranges
                0x0000000000000090       0x88 ./STM32_F103C6_Drivers/MCAL/EXTI_Program.o
 .debug_aranges
                0x0000000000000118       0x68 ./STM32_F103C6_Drivers/MCAL/GPIO_Program.o
 .debug_aranges
                0x0000000000000180       0x48 ./STM32_F103C6_Drivers/MCAL/NVIC_Program.o
 .debug_aranges
                0x00000000000001c8       0x20 ./STM32_F103C6_Drivers/MCAL/STK_program.o
 .debug_aranges
                0x00000000000001e8       0x40 ./Src/main.o
 .debug_aranges
                0x0000000000000228       0x28 ./Startup/startup_stm32f103c6tx.o

.debug_ranges   0x0000000000000000      0x1d8
 .debug_ranges  0x0000000000000000       0x60 ./STM32_F103C6_Drivers/HAL/CLCD_prog.o
 .debug_ranges  0x0000000000000060       0x10 ./STM32_F103C6_Drivers/MCAL/AFIO_Program.o
 .debug_ranges  0x0000000000000070       0x78 ./STM32_F103C6_Drivers/MCAL/EXTI_Program.o
 .debug_ranges  0x00000000000000e8       0x58 ./STM32_F103C6_Drivers/MCAL/GPIO_Program.o
 .debug_ranges  0x0000000000000140       0x38 ./STM32_F103C6_Drivers/MCAL/NVIC_Program.o
 .debug_ranges  0x0000000000000178       0x10 ./STM32_F103C6_Drivers/MCAL/STK_program.o
 .debug_ranges  0x0000000000000188       0x30 ./Src/main.o
 .debug_ranges  0x00000000000001b8       0x20 ./Startup/startup_stm32f103c6tx.o

.debug_macro    0x0000000000000000     0x3084
 .debug_macro   0x0000000000000000      0x20e ./STM32_F103C6_Drivers/HAL/CLCD_prog.o
 .debug_macro   0x000000000000020e      0xa72 ./STM32_F103C6_Drivers/HAL/CLCD_prog.o
 .debug_macro   0x0000000000000c80       0x18 ./STM32_F103C6_Drivers/HAL/CLCD_prog.o
 .debug_macro   0x0000000000000c98       0x22 ./STM32_F103C6_Drivers/HAL/CLCD_prog.o
 .debug_macro   0x0000000000000cba       0x4c ./STM32_F103C6_Drivers/HAL/CLCD_prog.o
 .debug_macro   0x0000000000000d06       0x94 ./STM32_F103C6_Drivers/HAL/CLCD_prog.o
 .debug_macro   0x0000000000000d9a       0x3c ./STM32_F103C6_Drivers/HAL/CLCD_prog.o
 .debug_macro   0x0000000000000dd6       0x34 ./STM32_F103C6_Drivers/HAL/CLCD_prog.o
 .debug_macro   0x0000000000000e0a       0x16 ./STM32_F103C6_Drivers/HAL/CLCD_prog.o
 .debug_macro   0x0000000000000e20      0x10e ./STM32_F103C6_Drivers/HAL/CLCD_prog.o
 .debug_macro   0x0000000000000f2e       0x8d ./STM32_F103C6_Drivers/HAL/CLCD_prog.o
 .debug_macro   0x0000000000000fbb       0x16 ./STM32_F103C6_Drivers/HAL/CLCD_prog.o
 .debug_macro   0x0000000000000fd1       0x43 ./STM32_F103C6_Drivers/HAL/CLCD_prog.o
 .debug_macro   0x0000000000001014       0x57 ./STM32_F103C6_Drivers/HAL/CLCD_prog.o
 .debug_macro   0x000000000000106b       0x34 ./STM32_F103C6_Drivers/HAL/CLCD_prog.o
 .debug_macro   0x000000000000109f       0x10 ./STM32_F103C6_Drivers/HAL/CLCD_prog.o
 .debug_macro   0x00000000000010af       0x58 ./STM32_F103C6_Drivers/HAL/CLCD_prog.o
 .debug_macro   0x0000000000001107       0x71 ./STM32_F103C6_Drivers/HAL/CLCD_prog.o
 .debug_macro   0x0000000000001178       0x1c ./STM32_F103C6_Drivers/HAL/CLCD_prog.o
 .debug_macro   0x0000000000001194      0x12a ./STM32_F103C6_Drivers/HAL/CLCD_prog.o
 .debug_macro   0x00000000000012be      0x341 ./STM32_F103C6_Drivers/HAL/CLCD_prog.o
 .debug_macro   0x00000000000015ff       0x16 ./STM32_F103C6_Drivers/HAL/CLCD_prog.o
 .debug_macro   0x0000000000001615       0x29 ./STM32_F103C6_Drivers/HAL/CLCD_prog.o
 .debug_macro   0x000000000000163e       0x1c ./STM32_F103C6_Drivers/HAL/CLCD_prog.o
 .debug_macro   0x000000000000165a       0x35 ./STM32_F103C6_Drivers/HAL/CLCD_prog.o
 .debug_macro   0x000000000000168f       0x10 ./STM32_F103C6_Drivers/HAL/CLCD_prog.o
 .debug_macro   0x000000000000169f       0x10 ./STM32_F103C6_Drivers/HAL/CLCD_prog.o
 .debug_macro   0x00000000000016af       0x6a ./STM32_F103C6_Drivers/HAL/CLCD_prog.o
 .debug_macro   0x0000000000001719       0x1c ./STM32_F103C6_Drivers/HAL/CLCD_prog.o
 .debug_macro   0x0000000000001735       0x52 ./STM32_F103C6_Drivers/HAL/CLCD_prog.o
 .debug_macro   0x0000000000001787       0x22 ./STM32_F103C6_Drivers/HAL/CLCD_prog.o
 .debug_macro   0x00000000000017a9       0x10 ./STM32_F103C6_Drivers/HAL/CLCD_prog.o
 .debug_macro   0x00000000000017b9       0x52 ./STM32_F103C6_Drivers/HAL/CLCD_prog.o
 .debug_macro   0x000000000000180b       0xd5 ./STM32_F103C6_Drivers/HAL/CLCD_prog.o
 .debug_macro   0x00000000000018e0       0x1c ./STM32_F103C6_Drivers/HAL/CLCD_prog.o
 .debug_macro   0x00000000000018fc       0x3d ./STM32_F103C6_Drivers/HAL/CLCD_prog.o
 .debug_macro   0x0000000000001939       0x16 ./STM32_F103C6_Drivers/HAL/CLCD_prog.o
 .debug_macro   0x000000000000194f      0x145 ./STM32_F103C6_Drivers/HAL/CLCD_prog.o
 .debug_macro   0x0000000000001a94       0x2e ./STM32_F103C6_Drivers/HAL/CLCD_prog.o
 .debug_macro   0x0000000000001ac2       0x1c ./STM32_F103C6_Drivers/HAL/CLCD_prog.o
 .debug_macro   0x0000000000001ade       0x64 ./STM32_F103C6_Drivers/HAL/CLCD_prog.o
 .debug_macro   0x0000000000001b42       0x16 ./STM32_F103C6_Drivers/HAL/CLCD_prog.o
 .debug_macro   0x0000000000001b58       0x46 ./STM32_F103C6_Drivers/HAL/CLCD_prog.o
 .debug_macro   0x0000000000001b9e      0x1fb ./STM32_F103C6_Drivers/MCAL/AFIO_Program.o
 .debug_macro   0x0000000000001d99       0xf0 ./STM32_F103C6_Drivers/MCAL/AFIO_Program.o
 .debug_macro   0x0000000000001e89       0x16 ./STM32_F103C6_Drivers/MCAL/AFIO_Program.o
 .debug_macro   0x0000000000001e9f      0x20b ./STM32_F103C6_Drivers/MCAL/EXTI_Program.o
 .debug_macro   0x00000000000020aa       0x16 ./STM32_F103C6_Drivers/MCAL/EXTI_Program.o
 .debug_macro   0x00000000000020c0       0x97 ./STM32_F103C6_Drivers/MCAL/EXTI_Program.o
 .debug_macro   0x0000000000002157       0xfd ./STM32_F103C6_Drivers/MCAL/EXTI_Program.o
 .debug_macro   0x0000000000002254       0x5e ./STM32_F103C6_Drivers/MCAL/EXTI_Program.o
 .debug_macro   0x00000000000022b2      0x22f ./STM32_F103C6_Drivers/MCAL/GPIO_Program.o
 .debug_macro   0x00000000000024e1       0x8e ./STM32_F103C6_Drivers/MCAL/GPIO_Program.o
 .debug_macro   0x000000000000256f       0x51 ./STM32_F103C6_Drivers/MCAL/GPIO_Program.o
 .debug_macro   0x00000000000025c0      0x103 ./STM32_F103C6_Drivers/MCAL/GPIO_Program.o
 .debug_macro   0x00000000000026c3      0x1df ./STM32_F103C6_Drivers/MCAL/GPIO_Program.o
 .debug_macro   0x00000000000028a2       0x52 ./STM32_F103C6_Drivers/MCAL/GPIO_Program.o
 .debug_macro   0x00000000000028f4       0xea ./STM32_F103C6_Drivers/MCAL/GPIO_Program.o
 .debug_macro   0x00000000000029de       0x46 ./STM32_F103C6_Drivers/MCAL/GPIO_Program.o
 .debug_macro   0x0000000000002a24      0x201 ./STM32_F103C6_Drivers/MCAL/NVIC_Program.o
 .debug_macro   0x0000000000002c25       0x16 ./STM32_F103C6_Drivers/MCAL/NVIC_Program.o
 .debug_macro   0x0000000000002c3b      0x1f5 ./STM32_F103C6_Drivers/MCAL/STK_program.o
 .debug_macro   0x0000000000002e30      0x254 ./Src/main.o

.debug_line     0x0000000000000000     0x3916
 .debug_line    0x0000000000000000      0x8bc ./STM32_F103C6_Drivers/HAL/CLCD_prog.o
 .debug_line    0x00000000000008bc      0x6cc ./STM32_F103C6_Drivers/MCAL/AFIO_Program.o
 .debug_line    0x0000000000000f88      0x927 ./STM32_F103C6_Drivers/MCAL/EXTI_Program.o
 .debug_line    0x00000000000018af      0x9e2 ./STM32_F103C6_Drivers/MCAL/GPIO_Program.o
 .debug_line    0x0000000000002291      0x77c ./STM32_F103C6_Drivers/MCAL/NVIC_Program.o
 .debug_line    0x0000000000002a0d      0x6b4 ./STM32_F103C6_Drivers/MCAL/STK_program.o
 .debug_line    0x00000000000030c1      0x7d1 ./Src/main.o
 .debug_line    0x0000000000003892       0x84 ./Startup/startup_stm32f103c6tx.o

.debug_str      0x0000000000000000     0x9952
 .debug_str     0x0000000000000000     0x7910 ./STM32_F103C6_Drivers/HAL/CLCD_prog.o
                                       0x7af3 (size before relaxing)
 .debug_str     0x0000000000007910      0x806 ./STM32_F103C6_Drivers/MCAL/AFIO_Program.o
                                       0x7ca5 (size before relaxing)
 .debug_str     0x0000000000008116      0x4db ./STM32_F103C6_Drivers/MCAL/EXTI_Program.o
                                       0x7f11 (size before relaxing)
 .debug_str     0x00000000000085f1      0xdb5 ./STM32_F103C6_Drivers/MCAL/GPIO_Program.o
                                       0x89a1 (size before relaxing)
 .debug_str     0x00000000000093a6      0x4df ./STM32_F103C6_Drivers/MCAL/NVIC_Program.o
                                       0x7f2a (size before relaxing)
 .debug_str     0x0000000000009885       0x4a ./STM32_F103C6_Drivers/MCAL/STK_program.o
                                       0x7a66 (size before relaxing)
 .debug_str     0x00000000000098cf       0x52 ./Src/main.o
                                       0x9029 (size before relaxing)
 .debug_str     0x0000000000009921       0x31 ./Startup/startup_stm32f103c6tx.o
                                         0x5a (size before relaxing)

.comment        0x0000000000000000       0x50
 .comment       0x0000000000000000       0x50 ./STM32_F103C6_Drivers/HAL/CLCD_prog.o
                                         0x51 (size before relaxing)
 .comment       0x0000000000000050       0x51 ./STM32_F103C6_Drivers/MCAL/AFIO_Program.o
 .comment       0x0000000000000050       0x51 ./STM32_F103C6_Drivers/MCAL/EXTI_Program.o
 .comment       0x0000000000000050       0x51 ./STM32_F103C6_Drivers/MCAL/GPIO_Program.o
 .comment       0x0000000000000050       0x51 ./STM32_F103C6_Drivers/MCAL/NVIC_Program.o
 .comment       0x0000000000000050       0x51 ./STM32_F103C6_Drivers/MCAL/STK_program.o
 .comment       0x0000000000000050       0x51 ./Src/main.o

.debug_frame    0x0000000000000000      0x794
 .debug_frame   0x0000000000000000      0x18c ./STM32_F103C6_Drivers/HAL/CLCD_prog.o
 .debug_frame   0x000000000000018c       0x38 ./STM32_F103C6_Drivers/MCAL/AFIO_Program.o
 .debug_frame   0x00000000000001c4      0x1f8 ./STM32_F103C6_Drivers/MCAL/EXTI_Program.o
 .debug_frame   0x00000000000003bc      0x1a0 ./STM32_F103C6_Drivers/MCAL/GPIO_Program.o
 .debug_frame   0x000000000000055c      0x100 ./STM32_F103C6_Drivers/MCAL/NVIC_Program.o
 .debug_frame   0x000000000000065c       0x38 ./STM32_F103C6_Drivers/MCAL/STK_program.o
 .debug_frame   0x0000000000000694       0xb4 ./Src/main.o
 .debug_frame   0x0000000000000748       0x2c c:/st/stm32cubeide_1.10.1/stm32cubeide/plugins/com.st.stm32cube.ide.mcu.externaltools.gnu-tools-for-stm32.10.3-2021.10.win32_1.0.200.202301161003/tools/bin/../lib/gcc/arm-none-eabi/10.3.1/../../../../arm-none-eabi/lib/thumb/v7-m/nofp\libc_nano.a(lib_a-init.o)
 .debug_frame   0x0000000000000774       0x20 c:/st/stm32cubeide_1.10.1/stm32cubeide/plugins/com.st.stm32cube.ide.mcu.externaltools.gnu-tools-for-stm32.10.3-2021.10.win32_1.0.200.202301161003/tools/bin/../lib/gcc/arm-none-eabi/10.3.1/../../../../arm-none-eabi/lib/thumb/v7-m/nofp\libc_nano.a(lib_a-memset.o)
