../STM32_F103C6_Drivers/HAL/CLCD_prog.c:29:13:SendEnablePulse	8	static
../STM32_F103C6_Drivers/HAL/CLCD_prog.c:37:13:SetHalfDataPins	16	static
../STM32_F103C6_Drivers/HAL/CLCD_prog.c:59:6:CLCD_voidSendCommand	16	static
../STM32_F103C6_Drivers/HAL/CLCD_prog.c:85:6:CLCD_voidSendData	16	static
../STM32_F103C6_Drivers/HAL/CLCD_prog.c:113:6:CLCD_voidInit	8	static
../STM32_F103C6_Drivers/HAL/CLCD_prog.c:136:6:CLCD_voidSendString	24	static
../STM32_F103C6_Drivers/HAL/CLCD_prog.c:157:9:CLCD_voidSendNumebr	24	static
../STM32_F103C6_Drivers/HAL/CLCD_prog.c:192:6:CLCD_voidGoToXY	24	static
../STM32_F103C6_Drivers/HAL/CLCD_prog.c:206:6:CLCD_voidSendSpecialCharacter	24	static
../STM32_F103C6_Drivers/HAL/CLCD_prog.c:231:6:CLCD_voidDisplaySpecialCharacter	16	static
../STM32_F103C6_Drivers/HAL/CLCD_prog.c:242:6:CLCD_voidStoreSpecialCharacter	24	static
