
Memory Configuration

Name             Origin             Length             Attributes
Mem              0x00000000         0x04000000         xrw
*default*        0x00000000         0xffffffff

Linker script and memory map

                0x00010000                . = 0x10000

.startup        0x00010000       0x10
 startup.o(.text)
 .text          0x00010000       0x10 startup.o
                0x00010000                reset

.text           0x00010010       0xa6
 *(.text)
 .text          0x00010010       0x58 uart.o
                0x00010010                uartsendstring
 .text          0x00010068       0x1c app.o
                0x00010068                main
 *(.rodata)
 .rodata        0x00010084       0x32 app.o
                0x00010084                string_buffer2

.glue_7         0x000100b8        0x0
 .glue_7        0x000100b8        0x0 linker stubs

.glue_7t        0x000100b8        0x0
 .glue_7t       0x000100b8        0x0 linker stubs

.vfp11_veneer   0x000100b8        0x0
 .vfp11_veneer  0x000100b8        0x0 linker stubs

.v4_bx          0x000100b8        0x0
 .v4_bx         0x000100b8        0x0 linker stubs

.iplt           0x000100b8        0x0
 .iplt          0x000100b8        0x0 startup.o

.rel.dyn        0x000100b8        0x0
 .rel.iplt      0x000100b8        0x0 startup.o

.data           0x000100b8       0x32
 *(.data)
 .data          0x000100b8        0x0 startup.o
 .data          0x000100b8        0x0 uart.o
 .data          0x000100b8       0x32 app.o
                0x000100b8                string_buffer

.igot.plt       0x000100ec        0x0
 .igot.plt      0x000100ec        0x0 startup.o

.bss            0x000100ea        0x0
 *(.bss)
 .bss           0x000100ea        0x0 startup.o
 .bss           0x000100ea        0x0 uart.o
 .bss           0x000100ea        0x0 app.o
                0x000200ea                . = (. + 0x10000)
                0x000200ea                stack_top = .
LOAD startup.o
LOAD uart.o
LOAD app.o
OUTPUT(learn-in-depth.elf elf32-littlearm)
LOAD linker stubs

.ARM.attributes
                0x00000000       0x2e
 .ARM.attributes
                0x00000000       0x22 startup.o
 .ARM.attributes
                0x00000022       0x2c uart.o
 .ARM.attributes
                0x0000004e       0x2c app.o

.comment        0x00000000       0x49
 .comment       0x00000000       0x49 uart.o
                                 0x4a (size before relaxing)
 .comment       0x00000049       0x4a app.o

.debug_line     0x00000000       0xc3
 .debug_line    0x00000000       0x3a startup.o
 .debug_line    0x0000003a       0x4e uart.o
 .debug_line    0x00000088       0x3b app.o

.debug_info     0x00000000      0x15c
 .debug_info    0x00000000       0x26 startup.o
 .debug_info    0x00000026       0xa2 uart.o
 .debug_info    0x000000c8       0x94 app.o

.debug_abbrev   0x00000000       0xd7
 .debug_abbrev  0x00000000       0x14 startup.o
 .debug_abbrev  0x00000014       0x5e uart.o
 .debug_abbrev  0x00000072       0x65 app.o

.debug_aranges  0x00000000       0x60
 .debug_aranges
                0x00000000       0x20 startup.o
 .debug_aranges
                0x00000020       0x20 uart.o
 .debug_aranges
                0x00000040       0x20 app.o

.debug_str      0x00000000      0x159
 .debug_str     0x00000000       0x56 startup.o
 .debug_str     0x00000056       0xdb uart.o
                                0x152 (size before relaxing)
 .debug_str     0x00000131       0x28 app.o
                                 0xde (size before relaxing)

.debug_frame    0x00000000       0x5c
 .debug_frame   0x00000000       0x30 uart.o
 .debug_frame   0x00000030       0x2c app.o
