../STM32F103x6/CLCD_prog.c:21:13:SendEnablePulse	8	static
../STM32F103x6/CLCD_prog.c:29:13:SetHalfDataPins	16	static
../STM32F103x6/CLCD_prog.c:51:6:CLCD_voidSendCommand	16	static
../STM32F103x6/CLCD_prog.c:77:6:CLCD_voidSendData	16	static
../STM32F103x6/CLCD_prog.c:105:6:CLCD_voidInit	8	static
../STM32F103x6/CLCD_prog.c:128:6:CLCD_voidSendString	24	static
../STM32F103x6/CLCD_prog.c:149:9:CLCD_voidSendNumebr	24	static
../STM32F103x6/CLCD_prog.c:184:6:CLCD_voidGoToXY	24	static
../STM32F103x6/CLCD_prog.c:198:6:CLCD_voidSendSpecialCharacter	24	static
../STM32F103x6/CLCD_prog.c:223:6:CLCD_voidDisplaySpecialCharacter	16	static
../STM32F103x6/CLCD_prog.c:234:6:CLCD_voidStoreSpecialCharacter	24	static
