
Memory Configuration

Name             Origin             Length             Attributes
sram             0x20000000         0x00020000         xrw
flash            0x08000000         0x00080000         xr
*default*        0x00000000         0xffffffff

Linker script and memory map


.text           0x08000000       0x7f
 *(.vectors*)
 *(.text*)
 .text          0x08000000       0x7c main.o
                0x08000000                main
 *(.rodata*)
 .rodata        0x0800007c        0x3 main.o
                0x0800007c                const_variable

.glue_7         0x08000080        0x0
 .glue_7        0x08000080        0x0 linker stubs

.glue_7t        0x08000080        0x0
 .glue_7t       0x08000080        0x0 linker stubs

.vfp11_veneer   0x08000080        0x0
 .vfp11_veneer  0x08000080        0x0 linker stubs

.v4_bx          0x08000080        0x0
 .v4_bx         0x08000080        0x0 linker stubs

.iplt           0x08000080        0x0
 .iplt          0x08000080        0x0 main.o

.rel.dyn        0x08000080        0x0
 .rel.iplt      0x08000080        0x0 main.o

.data           0x08000080        0x7
 *(.data)
 .data          0x08000080        0x7 main.o
                0x08000080                R_ODR
                0x08000084                g_variables

.igot.plt       0x08000088        0x0
 .igot.plt      0x08000088        0x0 main.o

.bss            0x20000000        0x0
 *(.bss)
 .bss           0x20000000        0x0 main.o
LOAD main.o
OUTPUT(Learn_in_depth_coterx_m3.elf elf32-littlearm)
LOAD linker stubs

.debug_info     0x00000000      0x1a8
 .debug_info    0x00000000      0x1a8 main.o

.debug_abbrev   0x00000000      0x105
 .debug_abbrev  0x00000000      0x105 main.o

.debug_loc      0x00000000       0x38
 .debug_loc     0x00000000       0x38 main.o

.debug_aranges  0x00000000       0x20
 .debug_aranges
                0x00000000       0x20 main.o

.debug_line     0x00000000       0xfe
 .debug_line    0x00000000       0xfe main.o

.debug_str      0x00000000      0x156
 .debug_str     0x00000000      0x156 main.o
                                0x193 (size before relaxing)

.comment        0x00000000       0x49
 .comment       0x00000000       0x49 main.o
                                 0x4a (size before relaxing)

.ARM.attributes
                0x00000000       0x2d
 .ARM.attributes
                0x00000000       0x2d main.o

.debug_frame    0x00000000       0x2c
 .debug_frame   0x00000000       0x2c main.o
