../STM32F103x6/EXTI_Program.c:25:9:EXTI_Init	24	static
../STM32F103x6/EXTI_Program.c:62:9:EXTI_Enable	24	static
../STM32F103x6/EXTI_Program.c:77:9:EXTI_Disable	24	static
../STM32F103x6/EXTI_Program.c:93:9:EXTI_ClearPendingFlag	24	static
../STM32F103x6/EXTI_Program.c:111:9:EXTI_ReadPendingFlag	24	static
../STM32F103x6/EXTI_Program.c:134:9:SoftwareInterruptEvent	24	static
../STM32F103x6/EXTI_Program.c:156:9:EXTI_SetTriggerSRC	24	static
../STM32F103x6/EXTI_Program.c:187:9:EXTI_u8SetCallBack	24	static
../STM32F103x6/EXTI_Program.c:204:6:EXTI0_IRQHandler	8	static
../STM32F103x6/EXTI_Program.c:213:6:EXTI1_IRQHandler	8	static
../STM32F103x6/EXTI_Program.c:221:6:EXTI2_IRQHandler	8	static
../STM32F103x6/EXTI_Program.c:230:6:EXTI3_IRQHandler	8	static
../STM32F103x6/EXTI_Program.c:239:6:EXTI9_5_IRQHandler	8	static
../STM32F103x6/EXTI_Program.c:284:6:EXTI15_10_IRQHandler	8	static
