
Memory Configuration

Name             Origin             Length             Attributes
sram             0x20000000         0x00020000         xrw
flash            0x08000000         0x00080000         xr
*default*        0x00000000         0xffffffff

Linker script and memory map


.text           0x08000000      0x127
 *(.vectors*)
 .vectors       0x08000000       0x1c startup.o
                0x08000000                Vectors
 *(.text*)
 .text          0x0800001c       0x7c main.o
                0x0800001c                main
 .text          0x08000098       0x8c startup.o
                0x08000098                Bus_Fault_Handler
                0x08000098                H_Fault_Handler
                0x08000098                MM_Fault_Handler
                0x08000098                Usage_Fault_Handler
                0x08000098                Default_Handler
                0x08000098                NMI_Handler
                0x080000a4                Reset_Handler
 *(.rodata*)
 .rodata        0x08000124        0x3 main.o
                0x08000124                const_variable

.glue_7         0x08000128        0x0
 .glue_7        0x08000128        0x0 linker stubs

.glue_7t        0x08000128        0x0
 .glue_7t       0x08000128        0x0 linker stubs

.vfp11_veneer   0x08000128        0x0
 .vfp11_veneer  0x08000128        0x0 linker stubs

.v4_bx          0x08000128        0x0
 .v4_bx         0x08000128        0x0 linker stubs

.iplt           0x08000128        0x0
 .iplt          0x08000128        0x0 main.o

.rel.dyn        0x08000128        0x0
 .rel.iplt      0x08000128        0x0 main.o

.data           0x08000128        0x7
 *(.data)
 .data          0x08000128        0x7 main.o
                0x08000128                R_ODR
                0x0800012c                g_variables
 .data          0x0800012f        0x0 startup.o

.igot.plt       0x08000130        0x0
 .igot.plt      0x08000130        0x0 main.o

.bss            0x20000000        0x0
 *(.bss)
 .bss           0x20000000        0x0 main.o
 .bss           0x20000000        0x0 startup.o
LOAD main.o
LOAD startup.o
OUTPUT(Learn_in_depth_coterx_m3.elf elf32-littlearm)
LOAD linker stubs

.debug_info     0x00000000      0x32c
 .debug_info    0x00000000      0x1a8 main.o
 .debug_info    0x000001a8      0x184 startup.o

.debug_abbrev   0x00000000      0x1e7
 .debug_abbrev  0x00000000      0x105 main.o
 .debug_abbrev  0x00000105       0xe2 startup.o

.debug_loc      0x00000000       0xc0
 .debug_loc     0x00000000       0x38 main.o
 .debug_loc     0x00000038       0x88 startup.o

.debug_aranges  0x00000000       0x40
 .debug_aranges
                0x00000000       0x20 main.o
 .debug_aranges
                0x00000020       0x20 startup.o

.debug_line     0x00000000      0x248
 .debug_line    0x00000000       0xfe main.o
 .debug_line    0x000000fe      0x14a startup.o

.debug_str      0x00000000      0x1cc
 .debug_str     0x00000000      0x156 main.o
                                0x193 (size before relaxing)
 .debug_str     0x00000156       0x76 startup.o
                                0x1ba (size before relaxing)

.comment        0x00000000       0x49
 .comment       0x00000000       0x49 main.o
                                 0x4a (size before relaxing)
 .comment       0x00000049       0x4a startup.o

.ARM.attributes
                0x00000000       0x2d
 .ARM.attributes
                0x00000000       0x2d main.o
 .ARM.attributes
                0x0000002d       0x2d startup.o

.debug_frame    0x00000000       0x80
 .debug_frame   0x00000000       0x2c main.o
 .debug_frame   0x0000002c       0x54 startup.o
