
Memory Configuration

Name             Origin             Length             Attributes
FLASH            0x00000000         0x20000000         xr
SRAM             0x20000000         0x20000000         xrw
*default*        0x00000000         0xffffffff

Linker script and memory map


.text           0x00000000      0x138
 *(.vectors*)
 .vectors       0x00000000       0x10 startup.o
                0x00000000                g_p_fn_Vectors
 *(.text*)
 .text          0x00000010       0x94 main.o
                0x00000010                main
 .text          0x000000a4       0x94 startup.o
                0x000000a4                H_Fault_Handler
                0x000000a4                Default_Handler
                0x000000a4                NMI_Handler
                0x000000b0                Reset_Handler
 *(.rodata)
                0x00000138                _E_text = .

.glue_7         0x00000138        0x0
 .glue_7        0x00000138        0x0 linker stubs

.glue_7t        0x00000138        0x0
 .glue_7t       0x00000138        0x0 linker stubs

.vfp11_veneer   0x00000138        0x0
 .vfp11_veneer  0x00000138        0x0 linker stubs

.v4_bx          0x00000138        0x0
 .v4_bx         0x00000138        0x0 linker stubs

.iplt           0x00000138        0x0
 .iplt          0x00000138        0x0 startup.o

.rel.dyn        0x00000138        0x0
 .rel.iplt      0x00000138        0x0 startup.o

.data           0x20000000        0x0 load address 0x00000138
                0x20000000                _S_data = .
 *(.data)
 .data          0x20000000        0x0 main.o
 .data          0x20000000        0x0 startup.o
                0x20000000                . = ALIGN (0x4)
                0x20000000                _E_data = .

.igot.plt       0x20000000        0x0 load address 0x00000138
 .igot.plt      0x20000000        0x0 startup.o

.bss            0x20000000      0x400 load address 0x00000138
                0x20000000                _S_bss = .
 *(.bss*)
 .bss           0x20000000        0x0 main.o
 .bss           0x20000000      0x400 startup.o
                0x20000400                _E_bss = .
LOAD main.o
LOAD startup.o
OUTPUT(Learn-in-depth-m4.elf elf32-littlearm)
LOAD linker stubs

.debug_info     0x00000000      0x2bf
 .debug_info    0x00000000       0xb4 main.o
 .debug_info    0x000000b4      0x20b startup.o

.debug_abbrev   0x00000000      0x166
 .debug_abbrev  0x00000000       0x6d main.o
 .debug_abbrev  0x0000006d       0xf9 startup.o

.debug_loc      0x00000000       0xb4
 .debug_loc     0x00000000       0x38 main.o
 .debug_loc     0x00000038       0x7c startup.o

.debug_aranges  0x00000000       0x40
 .debug_aranges
                0x00000000       0x20 main.o
 .debug_aranges
                0x00000020       0x20 startup.o

.debug_line     0x00000000      0x23f
 .debug_line    0x00000000      0x112 main.o
 .debug_line    0x00000112      0x12d startup.o

.debug_str      0x00000000      0x1ac
 .debug_str     0x00000000      0x10f main.o
                                0x14c (size before relaxing)
 .debug_str     0x0000010f       0x9d startup.o
                                0x1f2 (size before relaxing)

.comment        0x00000000       0x49
 .comment       0x00000000       0x49 main.o
                                 0x4a (size before relaxing)
 .comment       0x00000049       0x4a startup.o

.ARM.attributes
                0x00000000       0x2e
 .ARM.attributes
                0x00000000       0x2e main.o
 .ARM.attributes
                0x0000002e       0x2e startup.o

.debug_frame    0x00000000       0x7c
 .debug_frame   0x00000000       0x2c main.o
 .debug_frame   0x0000002c       0x50 startup.o
